// Jest Snapshot v1, https://goo.gl/fbAQLP

exports[`interrogation Biotronik class should get structured data row from file 1`] = `
Object {
  "AMSEpisodes[ICDClinic_Evaluation_ICDTelemetry_Detections_Treatments]": Object {
    "name": "AMSEpisodes[ICDClinic_Evaluation_ICDTelemetry_Detections_Treatments]",
    "type": "string",
    "value": "",
  },
  "AdaptiveAVDelayStatus[ICDClinic_Evaluation_BradyProgramming_AVDelay]": Object {
    "name": "AdaptiveAVDelayStatus[ICDClinic_Evaluation_BradyProgramming_AVDelay]",
    "type": "string",
    "value": "ON",
  },
  "AdaptivePacedMinimum_ms[ICDClinic_Evaluation_BradyProgramming_AVDelay]": Object {
    "name": "AdaptivePacedMinimum_ms[ICDClinic_Evaluation_BradyProgramming_AVDelay]",
    "type": "string",
    "value": "220",
  },
  "AdaptiveRateMaximum_bpm[ICDClinic_Evaluation_BradyProgramming_AVDelay]": Object {
    "name": "AdaptiveRateMaximum_bpm[ICDClinic_Evaluation_BradyProgramming_AVDelay]",
    "type": "string",
    "value": "130",
  },
  "AdaptiveRateMinimum_bpm[ICDClinic_Evaluation_BradyProgramming_AVDelay]": Object {
    "name": "AdaptiveRateMinimum_bpm[ICDClinic_Evaluation_BradyProgramming_AVDelay]",
    "type": "string",
    "value": "60",
  },
  "AdaptiveSensedMinimum_ms[ICDClinic_Evaluation_BradyProgramming_AVDelay]": Object {
    "name": "AdaptiveSensedMinimum_ms[ICDClinic_Evaluation_BradyProgramming_AVDelay]",
    "type": "string",
    "value": "190",
  },
  "Amplitude_millivolts[ICDClinic_Evaluation_BradyProgramming_Sensing_RA]": Object {
    "name": "Amplitude_millivolts[ICDClinic_Evaluation_BradyProgramming_Sensing_RA]",
    "type": "string",
    "value": "0.4",
  },
  "Amplitude_millivolts[ICDClinic_Evaluation_BradyProgramming_Sensing_RV]": Object {
    "name": "Amplitude_millivolts[ICDClinic_Evaluation_BradyProgramming_Sensing_RV]",
    "type": "string",
    "value": "0.8",
  },
  "Amplitude_volts[ICDClinic_Evaluation_BradyProgramming_Pacing_RA]": Object {
    "name": "Amplitude_volts[ICDClinic_Evaluation_BradyProgramming_Pacing_RA]",
    "type": "string",
    "value": "1.5",
  },
  "Amplitude_volts[ICDClinic_Evaluation_BradyProgramming_Pacing_RV]": Object {
    "name": "Amplitude_volts[ICDClinic_Evaluation_BradyProgramming_Pacing_RV]",
    "type": "string",
    "value": "2.2",
  },
  "BatteryVoltage_volts[ICDClinic_Evaluation_ICDTelemetry]": Object {
    "name": "BatteryVoltage_volts[ICDClinic_Evaluation_ICDTelemetry]",
    "type": "string",
    "value": "2.85",
  },
  "BlankingPeriod_ms[ICDClinic_Evaluation_BradyProgramming_Sensing_RV]": Object {
    "name": "BlankingPeriod_ms[ICDClinic_Evaluation_BradyProgramming_Sensing_RV]",
    "type": "string",
    "value": "AUTO",
  },
  "BurstCycleLength1_[ICDClinic_Evaluation_TachyProgramming_Zone_ATPTherapy]": Object {
    "name": "BurstCycleLength1_[ICDClinic_Evaluation_TachyProgramming_Zone_ATPTherapy]",
    "type": "string",
    "value": "80",
  },
  "BurstCycleLength2_[ICDClinic_Evaluation_TachyProgramming_Zone_ATPTherapy]": Object {
    "name": "BurstCycleLength2_[ICDClinic_Evaluation_TachyProgramming_Zone_ATPTherapy]",
    "type": "string",
    "value": "80",
  },
  "BurstCycleLengthUnits1_[ICDClinic_Evaluation_TachyProgramming_Zone_ATPTherapy]": Object {
    "name": "BurstCycleLengthUnits1_[ICDClinic_Evaluation_TachyProgramming_Zone_ATPTherapy]",
    "type": "string",
    "value": "%",
  },
  "BurstCycleLengthUnits2_[ICDClinic_Evaluation_TachyProgramming_Zone_ATPTherapy]": Object {
    "name": "BurstCycleLengthUnits2_[ICDClinic_Evaluation_TachyProgramming_Zone_ATPTherapy]",
    "type": "string",
    "value": "%",
  },
  "Chamber[ICDClinic_Evaluation_BradyProgramming_Pacing_RA]": Object {
    "name": "Chamber[ICDClinic_Evaluation_BradyProgramming_Pacing_RA]",
    "type": "string",
    "value": "RA",
  },
  "Chamber[ICDClinic_Evaluation_BradyProgramming_Pacing_RV]": Object {
    "name": "Chamber[ICDClinic_Evaluation_BradyProgramming_Pacing_RV]",
    "type": "string",
    "value": "RV",
  },
  "Chamber[ICDClinic_Evaluation_BradyProgramming_Sensing_RA]": Object {
    "name": "Chamber[ICDClinic_Evaluation_BradyProgramming_Sensing_RA]",
    "type": "string",
    "value": "RA",
  },
  "Chamber[ICDClinic_Evaluation_BradyProgramming_Sensing_RV]": Object {
    "name": "Chamber[ICDClinic_Evaluation_BradyProgramming_Sensing_RV]",
    "type": "string",
    "value": "RV",
  },
  "Committed10_[ICDClinic_Evaluation_TachyProgramming_Zone_ShockTherapy]": Object {
    "name": "Committed10_[ICDClinic_Evaluation_TachyProgramming_Zone_ShockTherapy]",
    "type": "string",
    "value": "1",
  },
  "Committed2_[ICDClinic_Evaluation_TachyProgramming_VFZone_ShockTherapy]": Object {
    "name": "Committed2_[ICDClinic_Evaluation_TachyProgramming_VFZone_ShockTherapy]",
    "type": "string",
    "value": "1",
  },
  "Committed3_[ICDClinic_Evaluation_TachyProgramming_VFZone_ShockTherapy]": Object {
    "name": "Committed3_[ICDClinic_Evaluation_TachyProgramming_VFZone_ShockTherapy]",
    "type": "string",
    "value": "1",
  },
  "Committed3_[ICDClinic_Evaluation_TachyProgramming_Zone_ShockTherapy]": Object {
    "name": "Committed3_[ICDClinic_Evaluation_TachyProgramming_Zone_ShockTherapy]",
    "type": "string",
    "value": "1",
  },
  "Committed4_[ICDClinic_Evaluation_TachyProgramming_VFZone_ShockTherapy]": Object {
    "name": "Committed4_[ICDClinic_Evaluation_TachyProgramming_VFZone_ShockTherapy]",
    "type": "string",
    "value": "1",
  },
  "Committed4_[ICDClinic_Evaluation_TachyProgramming_Zone_ShockTherapy]": Object {
    "name": "Committed4_[ICDClinic_Evaluation_TachyProgramming_Zone_ShockTherapy]",
    "type": "string",
    "value": "1",
  },
  "Committed5_[ICDClinic_Evaluation_TachyProgramming_VFZone_ShockTherapy]": Object {
    "name": "Committed5_[ICDClinic_Evaluation_TachyProgramming_VFZone_ShockTherapy]",
    "type": "string",
    "value": "1",
  },
  "Committed5_[ICDClinic_Evaluation_TachyProgramming_Zone_ShockTherapy]": Object {
    "name": "Committed5_[ICDClinic_Evaluation_TachyProgramming_Zone_ShockTherapy]",
    "type": "string",
    "value": "1",
  },
  "Committed6_[ICDClinic_Evaluation_TachyProgramming_VFZone_ShockTherapy]": Object {
    "name": "Committed6_[ICDClinic_Evaluation_TachyProgramming_VFZone_ShockTherapy]",
    "type": "string",
    "value": "1",
  },
  "Committed6_[ICDClinic_Evaluation_TachyProgramming_Zone_ShockTherapy]": Object {
    "name": "Committed6_[ICDClinic_Evaluation_TachyProgramming_Zone_ShockTherapy]",
    "type": "string",
    "value": "1",
  },
  "Committed7_[ICDClinic_Evaluation_TachyProgramming_VFZone_ShockTherapy]": Object {
    "name": "Committed7_[ICDClinic_Evaluation_TachyProgramming_VFZone_ShockTherapy]",
    "type": "string",
    "value": "1",
  },
  "Committed7_[ICDClinic_Evaluation_TachyProgramming_Zone_ShockTherapy]": Object {
    "name": "Committed7_[ICDClinic_Evaluation_TachyProgramming_Zone_ShockTherapy]",
    "type": "string",
    "value": "1",
  },
  "Committed8_[ICDClinic_Evaluation_TachyProgramming_VFZone_ShockTherapy]": Object {
    "name": "Committed8_[ICDClinic_Evaluation_TachyProgramming_VFZone_ShockTherapy]",
    "type": "string",
    "value": "1",
  },
  "Committed8_[ICDClinic_Evaluation_TachyProgramming_Zone_ShockTherapy]": Object {
    "name": "Committed8_[ICDClinic_Evaluation_TachyProgramming_Zone_ShockTherapy]",
    "type": "string",
    "value": "1",
  },
  "Committed9_[ICDClinic_Evaluation_TachyProgramming_VFZone_ShockTherapy]": Object {
    "name": "Committed9_[ICDClinic_Evaluation_TachyProgramming_VFZone_ShockTherapy]",
    "type": "string",
    "value": "1",
  },
  "Committed9_[ICDClinic_Evaluation_TachyProgramming_Zone_ShockTherapy]": Object {
    "name": "Committed9_[ICDClinic_Evaluation_TachyProgramming_Zone_ShockTherapy]",
    "type": "string",
    "value": "1",
  },
  "CouplingInterval1_[ICDClinic_Evaluation_TachyProgramming_Zone_ATPTherapy]": Object {
    "name": "CouplingInterval1_[ICDClinic_Evaluation_TachyProgramming_Zone_ATPTherapy]",
    "type": "string",
    "value": "80",
  },
  "CouplingInterval2_[ICDClinic_Evaluation_TachyProgramming_Zone_ATPTherapy]": Object {
    "name": "CouplingInterval2_[ICDClinic_Evaluation_TachyProgramming_Zone_ATPTherapy]",
    "type": "string",
    "value": "80",
  },
  "CouplingIntervalUnits1_[ICDClinic_Evaluation_TachyProgramming_Zone_ATPTherapy]": Object {
    "name": "CouplingIntervalUnits1_[ICDClinic_Evaluation_TachyProgramming_Zone_ATPTherapy]",
    "type": "string",
    "value": "%",
  },
  "CouplingIntervalUnits2_[ICDClinic_Evaluation_TachyProgramming_Zone_ATPTherapy]": Object {
    "name": "CouplingIntervalUnits2_[ICDClinic_Evaluation_TachyProgramming_Zone_ATPTherapy]",
    "type": "string",
    "value": "%",
  },
  "DetectionDuration_1_[ICDClinic_Evaluation_TachyProgramming_VFZone]": Object {
    "name": "DetectionDuration_1_[ICDClinic_Evaluation_TachyProgramming_VFZone]",
    "type": "string",
    "value": "8 of 12",
  },
  "DetectionDuration_2_[ICDClinic_Evaluation_TachyProgramming_Zone]": Object {
    "name": "DetectionDuration_2_[ICDClinic_Evaluation_TachyProgramming_Zone]",
    "type": "string",
    "value": "26",
  },
  "DetectionInterval_ms_1_[ICDClinic_Evaluation_TachyProgramming_VFZone]": Object {
    "name": "DetectionInterval_ms_1_[ICDClinic_Evaluation_TachyProgramming_VFZone]",
    "type": "string",
    "value": "300",
  },
  "DetectionInterval_ms_2_[ICDClinic_Evaluation_TachyProgramming_Zone]": Object {
    "name": "DetectionInterval_ms_2_[ICDClinic_Evaluation_TachyProgramming_Zone]",
    "type": "string",
    "value": "360",
  },
  "FallbackRate_bpm[ICDClinic_Evaluation_BradyProgramming_AMS]": Object {
    "name": "FallbackRate_bpm[ICDClinic_Evaluation_BradyProgramming_AMS]",
    "type": "string",
    "value": "DDI",
  },
  "FastVentricularTachycardia[ICDClinic_Evaluation_ICDTelemetry_Detections_Treatments]": Object {
    "name": "FastVentricularTachycardia[ICDClinic_Evaluation_ICDTelemetry_Detections_Treatments]",
    "type": "string",
    "value": "0",
  },
  "LastHighVoltageChargeTime_seconds[ICDClinic_Evaluation_ICDTelemetry]": Object {
    "name": "LastHighVoltageChargeTime_seconds[ICDClinic_Evaluation_ICDTelemetry]",
    "type": "string",
    "value": "16.6",
  },
  "LastHighVoltageEnergy[ICDClinic_Evaluation_ICDTelemetry]": Object {
    "name": "LastHighVoltageEnergy[ICDClinic_Evaluation_ICDTelemetry]",
    "type": "string",
    "value": "40",
  },
  "LeadImpedanceAtrial[ICDClinic_Evaluation_ICDTelemetry]": Object {
    "name": "LeadImpedanceAtrial[ICDClinic_Evaluation_ICDTelemetry]",
    "type": "string",
    "value": "",
  },
  "LeadImpedanceHighVoltage[ICDClinic_Evaluation_ICDTelemetry]": Object {
    "name": "LeadImpedanceHighVoltage[ICDClinic_Evaluation_ICDTelemetry]",
    "type": "string",
    "value": "",
  },
  "LeadImpedanceLeftVentricular[ICDClinic_Evaluation_ICDTelemetry]": Object {
    "name": "LeadImpedanceLeftVentricular[ICDClinic_Evaluation_ICDTelemetry]",
    "type": "string",
    "value": "",
  },
  "LeadImpedanceRightVentricular[ICDClinic_Evaluation_ICDTelemetry]": Object {
    "name": "LeadImpedanceRightVentricular[ICDClinic_Evaluation_ICDTelemetry]",
    "type": "string",
    "value": "",
  },
  "MaximumNumberOfPulses1_[ICDClinic_Evaluation_TachyProgramming_Zone_ATPTherapy]": Object {
    "name": "MaximumNumberOfPulses1_[ICDClinic_Evaluation_TachyProgramming_Zone_ATPTherapy]",
    "type": "string",
    "value": "18",
  },
  "MaximumNumberOfPulses2_[ICDClinic_Evaluation_TachyProgramming_Zone_ATPTherapy]": Object {
    "name": "MaximumNumberOfPulses2_[ICDClinic_Evaluation_TachyProgramming_Zone_ATPTherapy]",
    "type": "string",
    "value": "11",
  },
  "MinimumBurstCycleLength_ms1_[ICDClinic_Evaluation_TachyProgramming_Zone_ATPTherapy]": Object {
    "name": "MinimumBurstCycleLength_ms1_[ICDClinic_Evaluation_TachyProgramming_Zone_ATPTherapy]",
    "type": "string",
    "value": "200",
  },
  "MinimumBurstCycleLength_ms2_[ICDClinic_Evaluation_TachyProgramming_Zone_ATPTherapy]": Object {
    "name": "MinimumBurstCycleLength_ms2_[ICDClinic_Evaluation_TachyProgramming_Zone_ATPTherapy]",
    "type": "string",
    "value": "200",
  },
  "NumberOfSequences1_[ICDClinic_Evaluation_TachyProgramming_Zone_ATPTherapy]": Object {
    "name": "NumberOfSequences1_[ICDClinic_Evaluation_TachyProgramming_Zone_ATPTherapy]",
    "type": "string",
    "value": "3",
  },
  "NumberOfSequences2_[ICDClinic_Evaluation_TachyProgramming_Zone_ATPTherapy]": Object {
    "name": "NumberOfSequences2_[ICDClinic_Evaluation_TachyProgramming_Zone_ATPTherapy]",
    "type": "string",
    "value": "2",
  },
  "OutputAmplitude_volts1_[ICDClinic_Evaluation_TachyProgramming_Zone_ATPTherapy]": Object {
    "name": "OutputAmplitude_volts1_[ICDClinic_Evaluation_TachyProgramming_Zone_ATPTherapy]",
    "type": "string",
    "value": "7.5",
  },
  "OutputAmplitude_volts2_[ICDClinic_Evaluation_TachyProgramming_Zone_ATPTherapy]": Object {
    "name": "OutputAmplitude_volts2_[ICDClinic_Evaluation_TachyProgramming_Zone_ATPTherapy]",
    "type": "string",
    "value": "7.5",
  },
  "OutputDuration_ms1_[ICDClinic_Evaluation_TachyProgramming_Zone_ATPTherapy]": Object {
    "name": "OutputDuration_ms1_[ICDClinic_Evaluation_TachyProgramming_Zone_ATPTherapy]",
    "type": "string",
    "value": "1.5",
  },
  "OutputDuration_ms2_[ICDClinic_Evaluation_TachyProgramming_Zone_ATPTherapy]": Object {
    "name": "OutputDuration_ms2_[ICDClinic_Evaluation_TachyProgramming_Zone_ATPTherapy]",
    "type": "string",
    "value": "1.5",
  },
  "Paced_ms[ICDClinic_Evaluation_BradyProgramming_AVDelay]": Object {
    "name": "Paced_ms[ICDClinic_Evaluation_BradyProgramming_AVDelay]",
    "type": "string",
    "value": "240",
  },
  "Pathway10_[ICDClinic_Evaluation_TachyProgramming_Zone_ShockTherapy]": Object {
    "name": "Pathway10_[ICDClinic_Evaluation_TachyProgramming_Zone_ShockTherapy]",
    "type": "string",
    "value": "RV(-), SVC/Can(+)",
  },
  "Pathway2_[ICDClinic_Evaluation_TachyProgramming_VFZone_ShockTherapy]": Object {
    "name": "Pathway2_[ICDClinic_Evaluation_TachyProgramming_VFZone_ShockTherapy]",
    "type": "string",
    "value": "RV(-), SVC/Can(+)",
  },
  "Pathway3_[ICDClinic_Evaluation_TachyProgramming_VFZone_ShockTherapy]": Object {
    "name": "Pathway3_[ICDClinic_Evaluation_TachyProgramming_VFZone_ShockTherapy]",
    "type": "string",
    "value": "RV(-), SVC/Can(+)",
  },
  "Pathway3_[ICDClinic_Evaluation_TachyProgramming_Zone_ShockTherapy]": Object {
    "name": "Pathway3_[ICDClinic_Evaluation_TachyProgramming_Zone_ShockTherapy]",
    "type": "string",
    "value": "RV(-), SVC/Can(+)",
  },
  "Pathway4_[ICDClinic_Evaluation_TachyProgramming_VFZone_ShockTherapy]": Object {
    "name": "Pathway4_[ICDClinic_Evaluation_TachyProgramming_VFZone_ShockTherapy]",
    "type": "string",
    "value": "RV(-), SVC/Can(+)",
  },
  "Pathway4_[ICDClinic_Evaluation_TachyProgramming_Zone_ShockTherapy]": Object {
    "name": "Pathway4_[ICDClinic_Evaluation_TachyProgramming_Zone_ShockTherapy]",
    "type": "string",
    "value": "RV(-), SVC/Can(+)",
  },
  "Pathway5_[ICDClinic_Evaluation_TachyProgramming_VFZone_ShockTherapy]": Object {
    "name": "Pathway5_[ICDClinic_Evaluation_TachyProgramming_VFZone_ShockTherapy]",
    "type": "string",
    "value": "RV(-), SVC/Can(+)",
  },
  "Pathway5_[ICDClinic_Evaluation_TachyProgramming_Zone_ShockTherapy]": Object {
    "name": "Pathway5_[ICDClinic_Evaluation_TachyProgramming_Zone_ShockTherapy]",
    "type": "string",
    "value": "RV(-), SVC/Can(+)",
  },
  "Pathway6_[ICDClinic_Evaluation_TachyProgramming_VFZone_ShockTherapy]": Object {
    "name": "Pathway6_[ICDClinic_Evaluation_TachyProgramming_VFZone_ShockTherapy]",
    "type": "string",
    "value": "RV(-), SVC/Can(+)",
  },
  "Pathway6_[ICDClinic_Evaluation_TachyProgramming_Zone_ShockTherapy]": Object {
    "name": "Pathway6_[ICDClinic_Evaluation_TachyProgramming_Zone_ShockTherapy]",
    "type": "string",
    "value": "RV(-), SVC/Can(+)",
  },
  "Pathway7_[ICDClinic_Evaluation_TachyProgramming_VFZone_ShockTherapy]": Object {
    "name": "Pathway7_[ICDClinic_Evaluation_TachyProgramming_VFZone_ShockTherapy]",
    "type": "string",
    "value": "RV(-), SVC/Can(+)",
  },
  "Pathway7_[ICDClinic_Evaluation_TachyProgramming_Zone_ShockTherapy]": Object {
    "name": "Pathway7_[ICDClinic_Evaluation_TachyProgramming_Zone_ShockTherapy]",
    "type": "string",
    "value": "RV(-), SVC/Can(+)",
  },
  "Pathway8_[ICDClinic_Evaluation_TachyProgramming_VFZone_ShockTherapy]": Object {
    "name": "Pathway8_[ICDClinic_Evaluation_TachyProgramming_VFZone_ShockTherapy]",
    "type": "string",
    "value": "RV(-), SVC/Can(+)",
  },
  "Pathway8_[ICDClinic_Evaluation_TachyProgramming_Zone_ShockTherapy]": Object {
    "name": "Pathway8_[ICDClinic_Evaluation_TachyProgramming_Zone_ShockTherapy]",
    "type": "string",
    "value": "RV(-), SVC/Can(+)",
  },
  "Pathway9_[ICDClinic_Evaluation_TachyProgramming_VFZone_ShockTherapy]": Object {
    "name": "Pathway9_[ICDClinic_Evaluation_TachyProgramming_VFZone_ShockTherapy]",
    "type": "string",
    "value": "RV(-), SVC/Can(+)",
  },
  "Pathway9_[ICDClinic_Evaluation_TachyProgramming_Zone_ShockTherapy]": Object {
    "name": "Pathway9_[ICDClinic_Evaluation_TachyProgramming_Zone_ShockTherapy]",
    "type": "string",
    "value": "RV(-), SVC/Can(+)",
  },
  "PercentPacingAtrial[ICDClinic_Evaluation_ICDTelemetry_Detections_Treatments]": Object {
    "name": "PercentPacingAtrial[ICDClinic_Evaluation_ICDTelemetry_Detections_Treatments]",
    "type": "string",
    "value": "",
  },
  "PercentPacingVentricular[ICDClinic_Evaluation_ICDTelemetry_Detections_Treatments]": Object {
    "name": "PercentPacingVentricular[ICDClinic_Evaluation_ICDTelemetry_Detections_Treatments]",
    "type": "string",
    "value": "",
  },
  "Polarity[ICDClinic_Evaluation_BradyProgramming_Pacing_RA]": Object {
    "name": "Polarity[ICDClinic_Evaluation_BradyProgramming_Pacing_RA]",
    "type": "string",
    "value": "B",
  },
  "Polarity[ICDClinic_Evaluation_BradyProgramming_Pacing_RV]": Object {
    "name": "Polarity[ICDClinic_Evaluation_BradyProgramming_Pacing_RV]",
    "type": "string",
    "value": "B",
  },
  "Polarity[ICDClinic_Evaluation_BradyProgramming_Sensing_RA]": Object {
    "name": "Polarity[ICDClinic_Evaluation_BradyProgramming_Sensing_RA]",
    "type": "string",
    "value": "B",
  },
  "Polarity[ICDClinic_Evaluation_BradyProgramming_Sensing_RV]": Object {
    "name": "Polarity[ICDClinic_Evaluation_BradyProgramming_Sensing_RV]",
    "type": "string",
    "value": "B",
  },
  "PulseIncrement1_[ICDClinic_Evaluation_TachyProgramming_Zone_ATPTherapy]": Object {
    "name": "PulseIncrement1_[ICDClinic_Evaluation_TachyProgramming_Zone_ATPTherapy]",
    "type": "string",
    "value": "ON",
  },
  "PulseIncrement2_[ICDClinic_Evaluation_TachyProgramming_Zone_ATPTherapy]": Object {
    "name": "PulseIncrement2_[ICDClinic_Evaluation_TachyProgramming_Zone_ATPTherapy]",
    "type": "string",
    "value": "ON",
  },
  "PulseWidthNegative_ms10_[ICDClinic_Evaluation_TachyProgramming_Zone_ShockTherapy]": Object {
    "name": "PulseWidthNegative_ms10_[ICDClinic_Evaluation_TachyProgramming_Zone_ShockTherapy]",
    "type": "string",
    "value": "",
  },
  "PulseWidthNegative_ms2_[ICDClinic_Evaluation_TachyProgramming_VFZone_ShockTherapy]": Object {
    "name": "PulseWidthNegative_ms2_[ICDClinic_Evaluation_TachyProgramming_VFZone_ShockTherapy]",
    "type": "string",
    "value": "",
  },
  "PulseWidthNegative_ms3_[ICDClinic_Evaluation_TachyProgramming_VFZone_ShockTherapy]": Object {
    "name": "PulseWidthNegative_ms3_[ICDClinic_Evaluation_TachyProgramming_VFZone_ShockTherapy]",
    "type": "string",
    "value": "",
  },
  "PulseWidthNegative_ms3_[ICDClinic_Evaluation_TachyProgramming_Zone_ShockTherapy]": Object {
    "name": "PulseWidthNegative_ms3_[ICDClinic_Evaluation_TachyProgramming_Zone_ShockTherapy]",
    "type": "string",
    "value": "",
  },
  "PulseWidthNegative_ms4_[ICDClinic_Evaluation_TachyProgramming_VFZone_ShockTherapy]": Object {
    "name": "PulseWidthNegative_ms4_[ICDClinic_Evaluation_TachyProgramming_VFZone_ShockTherapy]",
    "type": "string",
    "value": "",
  },
  "PulseWidthNegative_ms4_[ICDClinic_Evaluation_TachyProgramming_Zone_ShockTherapy]": Object {
    "name": "PulseWidthNegative_ms4_[ICDClinic_Evaluation_TachyProgramming_Zone_ShockTherapy]",
    "type": "string",
    "value": "",
  },
  "PulseWidthNegative_ms5_[ICDClinic_Evaluation_TachyProgramming_VFZone_ShockTherapy]": Object {
    "name": "PulseWidthNegative_ms5_[ICDClinic_Evaluation_TachyProgramming_VFZone_ShockTherapy]",
    "type": "string",
    "value": "",
  },
  "PulseWidthNegative_ms5_[ICDClinic_Evaluation_TachyProgramming_Zone_ShockTherapy]": Object {
    "name": "PulseWidthNegative_ms5_[ICDClinic_Evaluation_TachyProgramming_Zone_ShockTherapy]",
    "type": "string",
    "value": "",
  },
  "PulseWidthNegative_ms6_[ICDClinic_Evaluation_TachyProgramming_VFZone_ShockTherapy]": Object {
    "name": "PulseWidthNegative_ms6_[ICDClinic_Evaluation_TachyProgramming_VFZone_ShockTherapy]",
    "type": "string",
    "value": "",
  },
  "PulseWidthNegative_ms6_[ICDClinic_Evaluation_TachyProgramming_Zone_ShockTherapy]": Object {
    "name": "PulseWidthNegative_ms6_[ICDClinic_Evaluation_TachyProgramming_Zone_ShockTherapy]",
    "type": "string",
    "value": "",
  },
  "PulseWidthNegative_ms7_[ICDClinic_Evaluation_TachyProgramming_VFZone_ShockTherapy]": Object {
    "name": "PulseWidthNegative_ms7_[ICDClinic_Evaluation_TachyProgramming_VFZone_ShockTherapy]",
    "type": "string",
    "value": "",
  },
  "PulseWidthNegative_ms7_[ICDClinic_Evaluation_TachyProgramming_Zone_ShockTherapy]": Object {
    "name": "PulseWidthNegative_ms7_[ICDClinic_Evaluation_TachyProgramming_Zone_ShockTherapy]",
    "type": "string",
    "value": "",
  },
  "PulseWidthNegative_ms8_[ICDClinic_Evaluation_TachyProgramming_VFZone_ShockTherapy]": Object {
    "name": "PulseWidthNegative_ms8_[ICDClinic_Evaluation_TachyProgramming_VFZone_ShockTherapy]",
    "type": "string",
    "value": "",
  },
  "PulseWidthNegative_ms8_[ICDClinic_Evaluation_TachyProgramming_Zone_ShockTherapy]": Object {
    "name": "PulseWidthNegative_ms8_[ICDClinic_Evaluation_TachyProgramming_Zone_ShockTherapy]",
    "type": "string",
    "value": "",
  },
  "PulseWidthNegative_ms9_[ICDClinic_Evaluation_TachyProgramming_VFZone_ShockTherapy]": Object {
    "name": "PulseWidthNegative_ms9_[ICDClinic_Evaluation_TachyProgramming_VFZone_ShockTherapy]",
    "type": "string",
    "value": "",
  },
  "PulseWidthNegative_ms9_[ICDClinic_Evaluation_TachyProgramming_Zone_ShockTherapy]": Object {
    "name": "PulseWidthNegative_ms9_[ICDClinic_Evaluation_TachyProgramming_Zone_ShockTherapy]",
    "type": "string",
    "value": "",
  },
  "PulseWidthPositive_ms10_[ICDClinic_Evaluation_TachyProgramming_Zone_ShockTherapy]": Object {
    "name": "PulseWidthPositive_ms10_[ICDClinic_Evaluation_TachyProgramming_Zone_ShockTherapy]",
    "type": "string",
    "value": "",
  },
  "PulseWidthPositive_ms2_[ICDClinic_Evaluation_TachyProgramming_VFZone_ShockTherapy]": Object {
    "name": "PulseWidthPositive_ms2_[ICDClinic_Evaluation_TachyProgramming_VFZone_ShockTherapy]",
    "type": "string",
    "value": "",
  },
  "PulseWidthPositive_ms3_[ICDClinic_Evaluation_TachyProgramming_VFZone_ShockTherapy]": Object {
    "name": "PulseWidthPositive_ms3_[ICDClinic_Evaluation_TachyProgramming_VFZone_ShockTherapy]",
    "type": "string",
    "value": "",
  },
  "PulseWidthPositive_ms3_[ICDClinic_Evaluation_TachyProgramming_Zone_ShockTherapy]": Object {
    "name": "PulseWidthPositive_ms3_[ICDClinic_Evaluation_TachyProgramming_Zone_ShockTherapy]",
    "type": "string",
    "value": "",
  },
  "PulseWidthPositive_ms4_[ICDClinic_Evaluation_TachyProgramming_VFZone_ShockTherapy]": Object {
    "name": "PulseWidthPositive_ms4_[ICDClinic_Evaluation_TachyProgramming_VFZone_ShockTherapy]",
    "type": "string",
    "value": "",
  },
  "PulseWidthPositive_ms4_[ICDClinic_Evaluation_TachyProgramming_Zone_ShockTherapy]": Object {
    "name": "PulseWidthPositive_ms4_[ICDClinic_Evaluation_TachyProgramming_Zone_ShockTherapy]",
    "type": "string",
    "value": "",
  },
  "PulseWidthPositive_ms5_[ICDClinic_Evaluation_TachyProgramming_VFZone_ShockTherapy]": Object {
    "name": "PulseWidthPositive_ms5_[ICDClinic_Evaluation_TachyProgramming_VFZone_ShockTherapy]",
    "type": "string",
    "value": "",
  },
  "PulseWidthPositive_ms5_[ICDClinic_Evaluation_TachyProgramming_Zone_ShockTherapy]": Object {
    "name": "PulseWidthPositive_ms5_[ICDClinic_Evaluation_TachyProgramming_Zone_ShockTherapy]",
    "type": "string",
    "value": "",
  },
  "PulseWidthPositive_ms6_[ICDClinic_Evaluation_TachyProgramming_VFZone_ShockTherapy]": Object {
    "name": "PulseWidthPositive_ms6_[ICDClinic_Evaluation_TachyProgramming_VFZone_ShockTherapy]",
    "type": "string",
    "value": "",
  },
  "PulseWidthPositive_ms6_[ICDClinic_Evaluation_TachyProgramming_Zone_ShockTherapy]": Object {
    "name": "PulseWidthPositive_ms6_[ICDClinic_Evaluation_TachyProgramming_Zone_ShockTherapy]",
    "type": "string",
    "value": "",
  },
  "PulseWidthPositive_ms7_[ICDClinic_Evaluation_TachyProgramming_VFZone_ShockTherapy]": Object {
    "name": "PulseWidthPositive_ms7_[ICDClinic_Evaluation_TachyProgramming_VFZone_ShockTherapy]",
    "type": "string",
    "value": "",
  },
  "PulseWidthPositive_ms7_[ICDClinic_Evaluation_TachyProgramming_Zone_ShockTherapy]": Object {
    "name": "PulseWidthPositive_ms7_[ICDClinic_Evaluation_TachyProgramming_Zone_ShockTherapy]",
    "type": "string",
    "value": "",
  },
  "PulseWidthPositive_ms8_[ICDClinic_Evaluation_TachyProgramming_VFZone_ShockTherapy]": Object {
    "name": "PulseWidthPositive_ms8_[ICDClinic_Evaluation_TachyProgramming_VFZone_ShockTherapy]",
    "type": "string",
    "value": "",
  },
  "PulseWidthPositive_ms8_[ICDClinic_Evaluation_TachyProgramming_Zone_ShockTherapy]": Object {
    "name": "PulseWidthPositive_ms8_[ICDClinic_Evaluation_TachyProgramming_Zone_ShockTherapy]",
    "type": "string",
    "value": "",
  },
  "PulseWidthPositive_ms9_[ICDClinic_Evaluation_TachyProgramming_VFZone_ShockTherapy]": Object {
    "name": "PulseWidthPositive_ms9_[ICDClinic_Evaluation_TachyProgramming_VFZone_ShockTherapy]",
    "type": "string",
    "value": "",
  },
  "PulseWidthPositive_ms9_[ICDClinic_Evaluation_TachyProgramming_Zone_ShockTherapy]": Object {
    "name": "PulseWidthPositive_ms9_[ICDClinic_Evaluation_TachyProgramming_Zone_ShockTherapy]",
    "type": "string",
    "value": "",
  },
  "PulseWidth_ms[ICDClinic_Evaluation_BradyProgramming_Pacing_RA]": Object {
    "name": "PulseWidth_ms[ICDClinic_Evaluation_BradyProgramming_Pacing_RA]",
    "type": "string",
    "value": "0.5",
  },
  "PulseWidth_ms[ICDClinic_Evaluation_BradyProgramming_Pacing_RV]": Object {
    "name": "PulseWidth_ms[ICDClinic_Evaluation_BradyProgramming_Pacing_RV]",
    "type": "string",
    "value": "0.5",
  },
  "RampDecrement_ms1_[ICDClinic_Evaluation_TachyProgramming_Zone_ATPTherapy]": Object {
    "name": "RampDecrement_ms1_[ICDClinic_Evaluation_TachyProgramming_Zone_ATPTherapy]",
    "type": "string",
    "value": "",
  },
  "RampDecrement_ms2_[ICDClinic_Evaluation_TachyProgramming_Zone_ATPTherapy]": Object {
    "name": "RampDecrement_ms2_[ICDClinic_Evaluation_TachyProgramming_Zone_ATPTherapy]",
    "type": "string",
    "value": "10",
  },
  "RateStabilityCriteria_2_[ICDClinic_Evaluation_TachyProgramming_Zone]": Object {
    "name": "RateStabilityCriteria_2_[ICDClinic_Evaluation_TachyProgramming_Zone]",
    "type": "string",
    "value": "12%",
  },
  "Rate_bpm[ICDClinic_Evaluation_BradyProgramming_AMS]": Object {
    "name": "Rate_bpm[ICDClinic_Evaluation_BradyProgramming_AMS]",
    "type": "string",
    "value": "160",
  },
  "RedetectionDuration_2_[ICDClinic_Evaluation_TachyProgramming_Zone]": Object {
    "name": "RedetectionDuration_2_[ICDClinic_Evaluation_TachyProgramming_Zone]",
    "type": "string",
    "value": "20",
  },
  "S1S2Ramp_percent1_[ICDClinic_Evaluation_TachyProgramming_Zone_ATPTherapy]": Object {
    "name": "S1S2Ramp_percent1_[ICDClinic_Evaluation_TachyProgramming_Zone_ATPTherapy]",
    "type": "string",
    "value": "",
  },
  "S1S2Ramp_percent2_[ICDClinic_Evaluation_TachyProgramming_Zone_ATPTherapy]": Object {
    "name": "S1S2Ramp_percent2_[ICDClinic_Evaluation_TachyProgramming_Zone_ATPTherapy]",
    "type": "string",
    "value": "",
  },
  "ScanDecrement_ms1_[ICDClinic_Evaluation_TachyProgramming_Zone_ATPTherapy]": Object {
    "name": "ScanDecrement_ms1_[ICDClinic_Evaluation_TachyProgramming_Zone_ATPTherapy]",
    "type": "string",
    "value": "OFF",
  },
  "ScanDecrement_ms2_[ICDClinic_Evaluation_TachyProgramming_Zone_ATPTherapy]": Object {
    "name": "ScanDecrement_ms2_[ICDClinic_Evaluation_TachyProgramming_Zone_ATPTherapy]",
    "type": "string",
    "value": "OFF",
  },
  "Sensed_ms[ICDClinic_Evaluation_BradyProgramming_AVDelay]": Object {
    "name": "Sensed_ms[ICDClinic_Evaluation_BradyProgramming_AVDelay]",
    "type": "string",
    "value": "210",
  },
  "ShockEnergy10_[ICDClinic_Evaluation_TachyProgramming_Zone_ShockTherapy]": Object {
    "name": "ShockEnergy10_[ICDClinic_Evaluation_TachyProgramming_Zone_ShockTherapy]",
    "type": "string",
    "value": "40",
  },
  "ShockEnergy2_[ICDClinic_Evaluation_TachyProgramming_VFZone_ShockTherapy]": Object {
    "name": "ShockEnergy2_[ICDClinic_Evaluation_TachyProgramming_VFZone_ShockTherapy]",
    "type": "string",
    "value": "40",
  },
  "ShockEnergy3_[ICDClinic_Evaluation_TachyProgramming_VFZone_ShockTherapy]": Object {
    "name": "ShockEnergy3_[ICDClinic_Evaluation_TachyProgramming_VFZone_ShockTherapy]",
    "type": "string",
    "value": "40",
  },
  "ShockEnergy3_[ICDClinic_Evaluation_TachyProgramming_Zone_ShockTherapy]": Object {
    "name": "ShockEnergy3_[ICDClinic_Evaluation_TachyProgramming_Zone_ShockTherapy]",
    "type": "string",
    "value": "40",
  },
  "ShockEnergy4_[ICDClinic_Evaluation_TachyProgramming_VFZone_ShockTherapy]": Object {
    "name": "ShockEnergy4_[ICDClinic_Evaluation_TachyProgramming_VFZone_ShockTherapy]",
    "type": "string",
    "value": "40",
  },
  "ShockEnergy4_[ICDClinic_Evaluation_TachyProgramming_Zone_ShockTherapy]": Object {
    "name": "ShockEnergy4_[ICDClinic_Evaluation_TachyProgramming_Zone_ShockTherapy]",
    "type": "string",
    "value": "40",
  },
  "ShockEnergy5_[ICDClinic_Evaluation_TachyProgramming_VFZone_ShockTherapy]": Object {
    "name": "ShockEnergy5_[ICDClinic_Evaluation_TachyProgramming_VFZone_ShockTherapy]",
    "type": "string",
    "value": "40",
  },
  "ShockEnergy5_[ICDClinic_Evaluation_TachyProgramming_Zone_ShockTherapy]": Object {
    "name": "ShockEnergy5_[ICDClinic_Evaluation_TachyProgramming_Zone_ShockTherapy]",
    "type": "string",
    "value": "40",
  },
  "ShockEnergy6_[ICDClinic_Evaluation_TachyProgramming_VFZone_ShockTherapy]": Object {
    "name": "ShockEnergy6_[ICDClinic_Evaluation_TachyProgramming_VFZone_ShockTherapy]",
    "type": "string",
    "value": "40",
  },
  "ShockEnergy6_[ICDClinic_Evaluation_TachyProgramming_Zone_ShockTherapy]": Object {
    "name": "ShockEnergy6_[ICDClinic_Evaluation_TachyProgramming_Zone_ShockTherapy]",
    "type": "string",
    "value": "40",
  },
  "ShockEnergy7_[ICDClinic_Evaluation_TachyProgramming_VFZone_ShockTherapy]": Object {
    "name": "ShockEnergy7_[ICDClinic_Evaluation_TachyProgramming_VFZone_ShockTherapy]",
    "type": "string",
    "value": "40",
  },
  "ShockEnergy7_[ICDClinic_Evaluation_TachyProgramming_Zone_ShockTherapy]": Object {
    "name": "ShockEnergy7_[ICDClinic_Evaluation_TachyProgramming_Zone_ShockTherapy]",
    "type": "string",
    "value": "40",
  },
  "ShockEnergy8_[ICDClinic_Evaluation_TachyProgramming_VFZone_ShockTherapy]": Object {
    "name": "ShockEnergy8_[ICDClinic_Evaluation_TachyProgramming_VFZone_ShockTherapy]",
    "type": "string",
    "value": "40",
  },
  "ShockEnergy8_[ICDClinic_Evaluation_TachyProgramming_Zone_ShockTherapy]": Object {
    "name": "ShockEnergy8_[ICDClinic_Evaluation_TachyProgramming_Zone_ShockTherapy]",
    "type": "string",
    "value": "40",
  },
  "ShockEnergy9_[ICDClinic_Evaluation_TachyProgramming_VFZone_ShockTherapy]": Object {
    "name": "ShockEnergy9_[ICDClinic_Evaluation_TachyProgramming_VFZone_ShockTherapy]",
    "type": "string",
    "value": "40",
  },
  "ShockEnergy9_[ICDClinic_Evaluation_TachyProgramming_Zone_ShockTherapy]": Object {
    "name": "ShockEnergy9_[ICDClinic_Evaluation_TachyProgramming_Zone_ShockTherapy]",
    "type": "string",
    "value": "40",
  },
  "ShockEnergyUnits10_[ICDClinic_Evaluation_TachyProgramming_Zone_ShockTherapy]": Object {
    "name": "ShockEnergyUnits10_[ICDClinic_Evaluation_TachyProgramming_Zone_ShockTherapy]",
    "type": "string",
    "value": "J",
  },
  "ShockEnergyUnits2_[ICDClinic_Evaluation_TachyProgramming_VFZone_ShockTherapy]": Object {
    "name": "ShockEnergyUnits2_[ICDClinic_Evaluation_TachyProgramming_VFZone_ShockTherapy]",
    "type": "string",
    "value": "J",
  },
  "ShockEnergyUnits3_[ICDClinic_Evaluation_TachyProgramming_VFZone_ShockTherapy]": Object {
    "name": "ShockEnergyUnits3_[ICDClinic_Evaluation_TachyProgramming_VFZone_ShockTherapy]",
    "type": "string",
    "value": "J",
  },
  "ShockEnergyUnits3_[ICDClinic_Evaluation_TachyProgramming_Zone_ShockTherapy]": Object {
    "name": "ShockEnergyUnits3_[ICDClinic_Evaluation_TachyProgramming_Zone_ShockTherapy]",
    "type": "string",
    "value": "J",
  },
  "ShockEnergyUnits4_[ICDClinic_Evaluation_TachyProgramming_VFZone_ShockTherapy]": Object {
    "name": "ShockEnergyUnits4_[ICDClinic_Evaluation_TachyProgramming_VFZone_ShockTherapy]",
    "type": "string",
    "value": "J",
  },
  "ShockEnergyUnits4_[ICDClinic_Evaluation_TachyProgramming_Zone_ShockTherapy]": Object {
    "name": "ShockEnergyUnits4_[ICDClinic_Evaluation_TachyProgramming_Zone_ShockTherapy]",
    "type": "string",
    "value": "J",
  },
  "ShockEnergyUnits5_[ICDClinic_Evaluation_TachyProgramming_VFZone_ShockTherapy]": Object {
    "name": "ShockEnergyUnits5_[ICDClinic_Evaluation_TachyProgramming_VFZone_ShockTherapy]",
    "type": "string",
    "value": "J",
  },
  "ShockEnergyUnits5_[ICDClinic_Evaluation_TachyProgramming_Zone_ShockTherapy]": Object {
    "name": "ShockEnergyUnits5_[ICDClinic_Evaluation_TachyProgramming_Zone_ShockTherapy]",
    "type": "string",
    "value": "J",
  },
  "ShockEnergyUnits6_[ICDClinic_Evaluation_TachyProgramming_VFZone_ShockTherapy]": Object {
    "name": "ShockEnergyUnits6_[ICDClinic_Evaluation_TachyProgramming_VFZone_ShockTherapy]",
    "type": "string",
    "value": "J",
  },
  "ShockEnergyUnits6_[ICDClinic_Evaluation_TachyProgramming_Zone_ShockTherapy]": Object {
    "name": "ShockEnergyUnits6_[ICDClinic_Evaluation_TachyProgramming_Zone_ShockTherapy]",
    "type": "string",
    "value": "J",
  },
  "ShockEnergyUnits7_[ICDClinic_Evaluation_TachyProgramming_VFZone_ShockTherapy]": Object {
    "name": "ShockEnergyUnits7_[ICDClinic_Evaluation_TachyProgramming_VFZone_ShockTherapy]",
    "type": "string",
    "value": "J",
  },
  "ShockEnergyUnits7_[ICDClinic_Evaluation_TachyProgramming_Zone_ShockTherapy]": Object {
    "name": "ShockEnergyUnits7_[ICDClinic_Evaluation_TachyProgramming_Zone_ShockTherapy]",
    "type": "string",
    "value": "J",
  },
  "ShockEnergyUnits8_[ICDClinic_Evaluation_TachyProgramming_VFZone_ShockTherapy]": Object {
    "name": "ShockEnergyUnits8_[ICDClinic_Evaluation_TachyProgramming_VFZone_ShockTherapy]",
    "type": "string",
    "value": "J",
  },
  "ShockEnergyUnits8_[ICDClinic_Evaluation_TachyProgramming_Zone_ShockTherapy]": Object {
    "name": "ShockEnergyUnits8_[ICDClinic_Evaluation_TachyProgramming_Zone_ShockTherapy]",
    "type": "string",
    "value": "J",
  },
  "ShockEnergyUnits9_[ICDClinic_Evaluation_TachyProgramming_VFZone_ShockTherapy]": Object {
    "name": "ShockEnergyUnits9_[ICDClinic_Evaluation_TachyProgramming_VFZone_ShockTherapy]",
    "type": "string",
    "value": "J",
  },
  "ShockEnergyUnits9_[ICDClinic_Evaluation_TachyProgramming_Zone_ShockTherapy]": Object {
    "name": "ShockEnergyUnits9_[ICDClinic_Evaluation_TachyProgramming_Zone_ShockTherapy]",
    "type": "string",
    "value": "J",
  },
  "ShocksAbortedVentricular[ICDClinic_Evaluation_ICDTelemetry_Detections_Treatments]": Object {
    "name": "ShocksAbortedVentricular[ICDClinic_Evaluation_ICDTelemetry_Detections_Treatments]",
    "type": "string",
    "value": "0",
  },
  "ShocksAborted[ICDClinic_Evaluation_ICDTelemetry_Totals]": Object {
    "name": "ShocksAborted[ICDClinic_Evaluation_ICDTelemetry_Totals]",
    "type": "string",
    "value": "3",
  },
  "ShocksDelivered[ICDClinic_Evaluation_ICDTelemetry_Totals]": Object {
    "name": "ShocksDelivered[ICDClinic_Evaluation_ICDTelemetry_Totals]",
    "type": "string",
    "value": "",
  },
  "SlowVentricularTachycardia[ICDClinic_Evaluation_ICDTelemetry_Detections_Treatments]": Object {
    "name": "SlowVentricularTachycardia[ICDClinic_Evaluation_ICDTelemetry_Detections_Treatments]",
    "type": "string",
    "value": "0",
  },
  "Status10_[ICDClinic_Evaluation_TachyProgramming_Zone_ShockTherapy]": Object {
    "name": "Status10_[ICDClinic_Evaluation_TachyProgramming_Zone_ShockTherapy]",
    "type": "string",
    "value": "1",
  },
  "Status1_[ICDClinic_Evaluation_TachyProgramming_Zone_ATPTherapy]": Object {
    "name": "Status1_[ICDClinic_Evaluation_TachyProgramming_Zone_ATPTherapy]",
    "type": "string",
    "value": "1",
  },
  "Status2_[ICDClinic_Evaluation_TachyProgramming_VFZone_ShockTherapy]": Object {
    "name": "Status2_[ICDClinic_Evaluation_TachyProgramming_VFZone_ShockTherapy]",
    "type": "string",
    "value": "1",
  },
  "Status2_[ICDClinic_Evaluation_TachyProgramming_Zone_ATPTherapy]": Object {
    "name": "Status2_[ICDClinic_Evaluation_TachyProgramming_Zone_ATPTherapy]",
    "type": "string",
    "value": "1",
  },
  "Status3_[ICDClinic_Evaluation_TachyProgramming_VFZone_ShockTherapy]": Object {
    "name": "Status3_[ICDClinic_Evaluation_TachyProgramming_VFZone_ShockTherapy]",
    "type": "string",
    "value": "1",
  },
  "Status3_[ICDClinic_Evaluation_TachyProgramming_Zone_ShockTherapy]": Object {
    "name": "Status3_[ICDClinic_Evaluation_TachyProgramming_Zone_ShockTherapy]",
    "type": "string",
    "value": "1",
  },
  "Status4_[ICDClinic_Evaluation_TachyProgramming_VFZone_ShockTherapy]": Object {
    "name": "Status4_[ICDClinic_Evaluation_TachyProgramming_VFZone_ShockTherapy]",
    "type": "string",
    "value": "1",
  },
  "Status4_[ICDClinic_Evaluation_TachyProgramming_Zone_ShockTherapy]": Object {
    "name": "Status4_[ICDClinic_Evaluation_TachyProgramming_Zone_ShockTherapy]",
    "type": "string",
    "value": "1",
  },
  "Status5_[ICDClinic_Evaluation_TachyProgramming_VFZone_ShockTherapy]": Object {
    "name": "Status5_[ICDClinic_Evaluation_TachyProgramming_VFZone_ShockTherapy]",
    "type": "string",
    "value": "1",
  },
  "Status5_[ICDClinic_Evaluation_TachyProgramming_Zone_ShockTherapy]": Object {
    "name": "Status5_[ICDClinic_Evaluation_TachyProgramming_Zone_ShockTherapy]",
    "type": "string",
    "value": "1",
  },
  "Status6_[ICDClinic_Evaluation_TachyProgramming_VFZone_ShockTherapy]": Object {
    "name": "Status6_[ICDClinic_Evaluation_TachyProgramming_VFZone_ShockTherapy]",
    "type": "string",
    "value": "1",
  },
  "Status6_[ICDClinic_Evaluation_TachyProgramming_Zone_ShockTherapy]": Object {
    "name": "Status6_[ICDClinic_Evaluation_TachyProgramming_Zone_ShockTherapy]",
    "type": "string",
    "value": "1",
  },
  "Status7_[ICDClinic_Evaluation_TachyProgramming_VFZone_ShockTherapy]": Object {
    "name": "Status7_[ICDClinic_Evaluation_TachyProgramming_VFZone_ShockTherapy]",
    "type": "string",
    "value": "1",
  },
  "Status7_[ICDClinic_Evaluation_TachyProgramming_Zone_ShockTherapy]": Object {
    "name": "Status7_[ICDClinic_Evaluation_TachyProgramming_Zone_ShockTherapy]",
    "type": "string",
    "value": "1",
  },
  "Status8_[ICDClinic_Evaluation_TachyProgramming_VFZone_ShockTherapy]": Object {
    "name": "Status8_[ICDClinic_Evaluation_TachyProgramming_VFZone_ShockTherapy]",
    "type": "string",
    "value": "1",
  },
  "Status8_[ICDClinic_Evaluation_TachyProgramming_Zone_ShockTherapy]": Object {
    "name": "Status8_[ICDClinic_Evaluation_TachyProgramming_Zone_ShockTherapy]",
    "type": "string",
    "value": "1",
  },
  "Status9_[ICDClinic_Evaluation_TachyProgramming_VFZone_ShockTherapy]": Object {
    "name": "Status9_[ICDClinic_Evaluation_TachyProgramming_VFZone_ShockTherapy]",
    "type": "string",
    "value": "1",
  },
  "Status9_[ICDClinic_Evaluation_TachyProgramming_Zone_ShockTherapy]": Object {
    "name": "Status9_[ICDClinic_Evaluation_TachyProgramming_Zone_ShockTherapy]",
    "type": "string",
    "value": "1",
  },
  "StimuliCount1_[ICDClinic_Evaluation_TachyProgramming_Zone_ATPTherapy]": Object {
    "name": "StimuliCount1_[ICDClinic_Evaluation_TachyProgramming_Zone_ATPTherapy]",
    "type": "string",
    "value": "5",
  },
  "StimuliCount2_[ICDClinic_Evaluation_TachyProgramming_Zone_ATPTherapy]": Object {
    "name": "StimuliCount2_[ICDClinic_Evaluation_TachyProgramming_Zone_ATPTherapy]",
    "type": "string",
    "value": "5",
  },
  "SuddenOnsetCriteriaUnits_2_[ICDClinic_Evaluation_TachyProgramming_Zone]": Object {
    "name": "SuddenOnsetCriteriaUnits_2_[ICDClinic_Evaluation_TachyProgramming_Zone]",
    "type": "string",
    "value": "%",
  },
  "SuddenOnsetCriteria_2_[ICDClinic_Evaluation_TachyProgramming_Zone]": Object {
    "name": "SuddenOnsetCriteria_2_[ICDClinic_Evaluation_TachyProgramming_Zone]",
    "type": "string",
    "value": "20",
  },
  "TherapyConfiguration_1_[ICDClinic_Evaluation_TachyProgramming_VFZone]": Object {
    "name": "TherapyConfiguration_1_[ICDClinic_Evaluation_TachyProgramming_VFZone]",
    "type": "string",
    "value": "8 Shocks",
  },
  "TherapyConfiguration_2_[ICDClinic_Evaluation_TachyProgramming_Zone]": Object {
    "name": "TherapyConfiguration_2_[ICDClinic_Evaluation_TachyProgramming_Zone]",
    "type": "string",
    "value": "ATP + 8 Shocks",
  },
  "TherapyConfiguration_3_[ICDClinic_Evaluation_TachyProgramming_Zone]": Object {
    "name": "TherapyConfiguration_3_[ICDClinic_Evaluation_TachyProgramming_Zone]",
    "type": "string",
    "value": "Disabled",
  },
  "TherapyNumber10_[ICDClinic_Evaluation_TachyProgramming_Zone_ShockTherapy]": Object {
    "name": "TherapyNumber10_[ICDClinic_Evaluation_TachyProgramming_Zone_ShockTherapy]",
    "type": "string",
    "value": "10",
  },
  "TherapyNumber1_[ICDClinic_Evaluation_TachyProgramming_Zone_ATPTherapy]": Object {
    "name": "TherapyNumber1_[ICDClinic_Evaluation_TachyProgramming_Zone_ATPTherapy]",
    "type": "string",
    "value": "1",
  },
  "TherapyNumber2_[ICDClinic_Evaluation_TachyProgramming_VFZone_ShockTherapy]": Object {
    "name": "TherapyNumber2_[ICDClinic_Evaluation_TachyProgramming_VFZone_ShockTherapy]",
    "type": "string",
    "value": "2",
  },
  "TherapyNumber2_[ICDClinic_Evaluation_TachyProgramming_Zone_ATPTherapy]": Object {
    "name": "TherapyNumber2_[ICDClinic_Evaluation_TachyProgramming_Zone_ATPTherapy]",
    "type": "string",
    "value": "2",
  },
  "TherapyNumber3_[ICDClinic_Evaluation_TachyProgramming_VFZone_ShockTherapy]": Object {
    "name": "TherapyNumber3_[ICDClinic_Evaluation_TachyProgramming_VFZone_ShockTherapy]",
    "type": "string",
    "value": "3",
  },
  "TherapyNumber3_[ICDClinic_Evaluation_TachyProgramming_Zone_ShockTherapy]": Object {
    "name": "TherapyNumber3_[ICDClinic_Evaluation_TachyProgramming_Zone_ShockTherapy]",
    "type": "string",
    "value": "3",
  },
  "TherapyNumber4_[ICDClinic_Evaluation_TachyProgramming_VFZone_ShockTherapy]": Object {
    "name": "TherapyNumber4_[ICDClinic_Evaluation_TachyProgramming_VFZone_ShockTherapy]",
    "type": "string",
    "value": "4",
  },
  "TherapyNumber4_[ICDClinic_Evaluation_TachyProgramming_Zone_ShockTherapy]": Object {
    "name": "TherapyNumber4_[ICDClinic_Evaluation_TachyProgramming_Zone_ShockTherapy]",
    "type": "string",
    "value": "4",
  },
  "TherapyNumber5_[ICDClinic_Evaluation_TachyProgramming_VFZone_ShockTherapy]": Object {
    "name": "TherapyNumber5_[ICDClinic_Evaluation_TachyProgramming_VFZone_ShockTherapy]",
    "type": "string",
    "value": "5",
  },
  "TherapyNumber5_[ICDClinic_Evaluation_TachyProgramming_Zone_ShockTherapy]": Object {
    "name": "TherapyNumber5_[ICDClinic_Evaluation_TachyProgramming_Zone_ShockTherapy]",
    "type": "string",
    "value": "5",
  },
  "TherapyNumber6_[ICDClinic_Evaluation_TachyProgramming_VFZone_ShockTherapy]": Object {
    "name": "TherapyNumber6_[ICDClinic_Evaluation_TachyProgramming_VFZone_ShockTherapy]",
    "type": "string",
    "value": "6",
  },
  "TherapyNumber6_[ICDClinic_Evaluation_TachyProgramming_Zone_ShockTherapy]": Object {
    "name": "TherapyNumber6_[ICDClinic_Evaluation_TachyProgramming_Zone_ShockTherapy]",
    "type": "string",
    "value": "6",
  },
  "TherapyNumber7_[ICDClinic_Evaluation_TachyProgramming_VFZone_ShockTherapy]": Object {
    "name": "TherapyNumber7_[ICDClinic_Evaluation_TachyProgramming_VFZone_ShockTherapy]",
    "type": "string",
    "value": "7",
  },
  "TherapyNumber7_[ICDClinic_Evaluation_TachyProgramming_Zone_ShockTherapy]": Object {
    "name": "TherapyNumber7_[ICDClinic_Evaluation_TachyProgramming_Zone_ShockTherapy]",
    "type": "string",
    "value": "7",
  },
  "TherapyNumber8_[ICDClinic_Evaluation_TachyProgramming_VFZone_ShockTherapy]": Object {
    "name": "TherapyNumber8_[ICDClinic_Evaluation_TachyProgramming_VFZone_ShockTherapy]",
    "type": "string",
    "value": "8",
  },
  "TherapyNumber8_[ICDClinic_Evaluation_TachyProgramming_Zone_ShockTherapy]": Object {
    "name": "TherapyNumber8_[ICDClinic_Evaluation_TachyProgramming_Zone_ShockTherapy]",
    "type": "string",
    "value": "8",
  },
  "TherapyNumber9_[ICDClinic_Evaluation_TachyProgramming_VFZone_ShockTherapy]": Object {
    "name": "TherapyNumber9_[ICDClinic_Evaluation_TachyProgramming_VFZone_ShockTherapy]",
    "type": "string",
    "value": "9",
  },
  "TherapyNumber9_[ICDClinic_Evaluation_TachyProgramming_Zone_ShockTherapy]": Object {
    "name": "TherapyNumber9_[ICDClinic_Evaluation_TachyProgramming_Zone_ShockTherapy]",
    "type": "string",
    "value": "9",
  },
  "TherapyType1_[ICDClinic_Evaluation_TachyProgramming_Zone_ATPTherapy]": Object {
    "name": "TherapyType1_[ICDClinic_Evaluation_TachyProgramming_Zone_ATPTherapy]",
    "type": "string",
    "value": "Burst",
  },
  "TherapyType2_[ICDClinic_Evaluation_TachyProgramming_Zone_ATPTherapy]": Object {
    "name": "TherapyType2_[ICDClinic_Evaluation_TachyProgramming_Zone_ATPTherapy]",
    "type": "string",
    "value": "Ramp",
  },
  "TotalCharges[ICDClinic_Evaluation_ICDTelemetry_Totals]": Object {
    "name": "TotalCharges[ICDClinic_Evaluation_ICDTelemetry_Totals]",
    "type": "string",
    "value": "",
  },
  "VVDelay_ms[ICDClinic_Evaluation_BradyProgramming_AVDelay]": Object {
    "name": "VVDelay_ms[ICDClinic_Evaluation_BradyProgramming_AVDelay]",
    "type": "string",
    "value": "",
  },
  "VentricularFibrillation[ICDClinic_Evaluation_ICDTelemetry_Detections_Treatments]": Object {
    "name": "VentricularFibrillation[ICDClinic_Evaluation_ICDTelemetry_Detections_Treatments]",
    "type": "string",
    "value": "0",
  },
  "Waveform10_[ICDClinic_Evaluation_TachyProgramming_Zone_ShockTherapy]": Object {
    "name": "Waveform10_[ICDClinic_Evaluation_TachyProgramming_Zone_ShockTherapy]",
    "type": "string",
    "value": "Biphasic",
  },
  "Waveform2_[ICDClinic_Evaluation_TachyProgramming_VFZone_ShockTherapy]": Object {
    "name": "Waveform2_[ICDClinic_Evaluation_TachyProgramming_VFZone_ShockTherapy]",
    "type": "string",
    "value": "Biphasic",
  },
  "Waveform3_[ICDClinic_Evaluation_TachyProgramming_VFZone_ShockTherapy]": Object {
    "name": "Waveform3_[ICDClinic_Evaluation_TachyProgramming_VFZone_ShockTherapy]",
    "type": "string",
    "value": "Biphasic",
  },
  "Waveform3_[ICDClinic_Evaluation_TachyProgramming_Zone_ShockTherapy]": Object {
    "name": "Waveform3_[ICDClinic_Evaluation_TachyProgramming_Zone_ShockTherapy]",
    "type": "string",
    "value": "Biphasic",
  },
  "Waveform4_[ICDClinic_Evaluation_TachyProgramming_VFZone_ShockTherapy]": Object {
    "name": "Waveform4_[ICDClinic_Evaluation_TachyProgramming_VFZone_ShockTherapy]",
    "type": "string",
    "value": "Biphasic",
  },
  "Waveform4_[ICDClinic_Evaluation_TachyProgramming_Zone_ShockTherapy]": Object {
    "name": "Waveform4_[ICDClinic_Evaluation_TachyProgramming_Zone_ShockTherapy]",
    "type": "string",
    "value": "Biphasic",
  },
  "Waveform5_[ICDClinic_Evaluation_TachyProgramming_VFZone_ShockTherapy]": Object {
    "name": "Waveform5_[ICDClinic_Evaluation_TachyProgramming_VFZone_ShockTherapy]",
    "type": "string",
    "value": "Biphasic",
  },
  "Waveform5_[ICDClinic_Evaluation_TachyProgramming_Zone_ShockTherapy]": Object {
    "name": "Waveform5_[ICDClinic_Evaluation_TachyProgramming_Zone_ShockTherapy]",
    "type": "string",
    "value": "Biphasic",
  },
  "Waveform6_[ICDClinic_Evaluation_TachyProgramming_VFZone_ShockTherapy]": Object {
    "name": "Waveform6_[ICDClinic_Evaluation_TachyProgramming_VFZone_ShockTherapy]",
    "type": "string",
    "value": "Biphasic",
  },
  "Waveform6_[ICDClinic_Evaluation_TachyProgramming_Zone_ShockTherapy]": Object {
    "name": "Waveform6_[ICDClinic_Evaluation_TachyProgramming_Zone_ShockTherapy]",
    "type": "string",
    "value": "Biphasic",
  },
  "Waveform7_[ICDClinic_Evaluation_TachyProgramming_VFZone_ShockTherapy]": Object {
    "name": "Waveform7_[ICDClinic_Evaluation_TachyProgramming_VFZone_ShockTherapy]",
    "type": "string",
    "value": "Biphasic",
  },
  "Waveform7_[ICDClinic_Evaluation_TachyProgramming_Zone_ShockTherapy]": Object {
    "name": "Waveform7_[ICDClinic_Evaluation_TachyProgramming_Zone_ShockTherapy]",
    "type": "string",
    "value": "Biphasic",
  },
  "Waveform8_[ICDClinic_Evaluation_TachyProgramming_VFZone_ShockTherapy]": Object {
    "name": "Waveform8_[ICDClinic_Evaluation_TachyProgramming_VFZone_ShockTherapy]",
    "type": "string",
    "value": "Biphasic",
  },
  "Waveform8_[ICDClinic_Evaluation_TachyProgramming_Zone_ShockTherapy]": Object {
    "name": "Waveform8_[ICDClinic_Evaluation_TachyProgramming_Zone_ShockTherapy]",
    "type": "string",
    "value": "Biphasic",
  },
  "Waveform9_[ICDClinic_Evaluation_TachyProgramming_VFZone_ShockTherapy]": Object {
    "name": "Waveform9_[ICDClinic_Evaluation_TachyProgramming_VFZone_ShockTherapy]",
    "type": "string",
    "value": "Biphasic",
  },
  "Waveform9_[ICDClinic_Evaluation_TachyProgramming_Zone_ShockTherapy]": Object {
    "name": "Waveform9_[ICDClinic_Evaluation_TachyProgramming_Zone_ShockTherapy]",
    "type": "string",
    "value": "Biphasic",
  },
  "ZoneType_2_[ICDClinic_Evaluation_TachyProgramming_Zone]": Object {
    "name": "ZoneType_2_[ICDClinic_Evaluation_TachyProgramming_Zone]",
    "type": "string",
    "value": "SlowVT",
  },
  "ZoneType_3_[ICDClinic_Evaluation_TachyProgramming_Zone]": Object {
    "name": "ZoneType_3_[ICDClinic_Evaluation_TachyProgramming_Zone]",
    "type": "string",
    "value": "FastVT",
  },
  "birthDate": Object {
    "name": "birthDate",
    "type": "date",
    "value": "1949-07-10",
  },
  "commentary": Object {
    "name": "commentary",
    "type": "string",
    "value": "Symptom=Prophylactic indication, Aetiology=Dilative cardiomyopathy (ischemic), ECGIndication=QRS widening",
  },
  "generationDate": Object {
    "name": "generationDate",
    "type": "date",
    "value": "2016-12-23T12:15:28",
  },
  "icdClinic_Date": Object {
    "name": "ICDClinic_Date",
    "type": "date",
    "value": "2016-12-23T12:12:00",
  },
  "icdClinic_EvaluationBrady_Programming_TrackingRate_bpm": Object {
    "name": "TrackingRate_bpm[ICDClinic_EvaluationBrady_Programming]",
    "type": "number",
    "value": "130",
  },
  "icdClinic_Evaluation_BradyProgramming_HysteresisRate_bpm": Object {
    "name": "HysteresisRate_bpm[ICDClinic_Evaluation_BradyProgramming]",
    "type": "number",
    "value": "60",
  },
  "icdClinic_Evaluation_BradyProgramming_LowerRate_bpm": Object {
    "name": "LowerRate_bpm[ICDClinic_Evaluation_BradyProgramming]",
    "type": "number",
    "value": "60",
  },
  "icdClinic_Evaluation_BradyProgramming_Notes": Object {
    "name": "Notes[ICDClinic_Evaluation_BradyProgramming]",
    "type": "string",
    "value": "MSW.Rate =70bpm; MSw mode=DDI;",
  },
  "icdClinic_Evaluation_BradyProgramming_PMTIntervention": Object {
    "name": "PMTIntervention[ICDClinic_Evaluation_BradyProgramming]",
    "type": "string",
    "value": "ON",
  },
  "icdClinic_Evaluation_BradyProgramming_PVCIntervention": Object {
    "name": "PVCIntervention[ICDClinic_Evaluation_BradyProgramming]",
    "type": "number",
    "value": "475",
  },
  "icdClinic_Evaluation_BradyProgramming_PacingMode": Object {
    "name": "PacingMode[ICDClinic_Evaluation_BradyProgramming]",
    "type": "string",
    "value": "DDD",
  },
  "implantDate": Object {
    "name": "implantDate",
    "type": "date",
    "value": "2010-10-25",
  },
  "institutionName": Object {
    "name": "institutionName",
    "type": "string",
    "value": "BIOTRONIK SE & Co. KG",
  },
  "manufacturer": Object {
    "name": "manufacturer",
    "type": "string",
    "value": "Biotronik",
  },
  "model": Object {
    "name": "model",
    "type": "string",
    "value": "Lumax 340 DR-T",
  },
  "nameFirst": Object {
    "name": "nameFirst",
    "type": "string",
    "value": "ANONYMOUS",
  },
  "nameLast": Object {
    "name": "nameLast",
    "type": "string",
    "value": "ANONYMOUS",
  },
  "schemaVersion": Object {
    "name": "schemaVersion",
    "type": "string",
    "value": "2.0",
  },
  "serialNumber": Object {
    "name": "serialNumber",
    "type": "string",
    "value": "60485754",
  },
}
`;
