// Jest Snapshot v1, https://goo.gl/fbAQLP

exports[`interrogation Biotronik STD class should get structured data row from file 1`] = `
Object {
  "admissionDate": Object {
    "name": "AdmissionDate",
    "type": "date",
    "value": "2016-12-23",
  },
  "admissionTime": Object {
    "name": "AdmissionTime",
    "type": "time",
    "value": "12:12:00",
  },
  "examinationDate": Object {
    "name": "ExaminationDate",
    "type": "date",
    "value": "2016-12-23",
  },
  "examinationFunctionalDomain": Object {
    "name": "FunctionalDomain",
    "type": "string",
    "value": "DEFI",
  },
  "examinationTime": Object {
    "name": "ExaminationTime",
    "type": "time",
    "value": "12:12:00",
  },
  "interfaceDataCreationDate": Object {
    "name": "CreationDate",
    "type": "date",
    "value": "2016-12-23",
  },
  "interfaceDataCreationTime": Object {
    "name": "CreationTime",
    "type": "time",
    "value": "12:15:30",
  },
  "interfaceDataDestination": Object {
    "name": "Destination",
    "type": "string",
    "value": "Centricity Xi2",
  },
  "interfaceDataSource": Object {
    "name": "Source",
    "type": "string",
    "value": "BIOTRONIK SE & Co. KG",
  },
  "personalDataDateOfBirth": Object {
    "name": "DateOfBirth",
    "type": "date",
    "value": "1949-07-10",
  },
  "personalDataFirstName": Object {
    "name": "FirstName",
    "type": "string",
    "value": "ANONYMOUS",
  },
  "personalDataLastName": Object {
    "name": "LastName",
    "type": "string",
    "value": "ANONYMOUS",
  },
}
`;
