// Jest Snapshot v1, https://goo.gl/fbAQLP

exports[`interrogation Biotronik class should get structured data row from file 1`] = `
Object {
  "AMSEpisodes[icdClinic_Evaluation_ICDTelemetry_Detections_Treatments]": "",
  "AdaptiveAVDelayStatus[icdClinic_Evaluation_BradyProgramming_AVDelay]": "ON",
  "AdaptivePacedMinimum_ms[icdClinic_Evaluation_BradyProgramming_AVDelay]": "220",
  "AdaptiveRateMaximum_bpm[icdClinic_Evaluation_BradyProgramming_AVDelay]": "130",
  "AdaptiveRateMinimum_bpm[icdClinic_Evaluation_BradyProgramming_AVDelay]": "60",
  "AdaptiveSensedMinimum_ms[icdClinic_Evaluation_BradyProgramming_AVDelay]": "190",
  "Amplitude_millivolts[icdClinic_Evaluation_BradyProgramming_Sensing_RA]": "0.4",
  "Amplitude_millivolts[icdClinic_Evaluation_BradyProgramming_Sensing_RV]": "0.8",
  "Amplitude_volts[icdClinic_Evaluation_BradyProgramming_Pacing_RA]": "1.5",
  "Amplitude_volts[icdClinic_Evaluation_BradyProgramming_Pacing_RV]": "2.2",
  "BatteryVoltage_volts[icdClinic_Evaluation_ICDTelemetry]": "2.85",
  "BlankingPeriod_ms[icdClinic_Evaluation_BradyProgramming_Sensing_RV]": "AUTO",
  "BurstCycleLength1_[ICDClinic_Evaluation_TachyProgramming_Zone_ATPTherapy]": "80",
  "BurstCycleLength2_[ICDClinic_Evaluation_TachyProgramming_Zone_ATPTherapy]": "80",
  "BurstCycleLengthUnits1_[ICDClinic_Evaluation_TachyProgramming_Zone_ATPTherapy]": "%",
  "BurstCycleLengthUnits2_[ICDClinic_Evaluation_TachyProgramming_Zone_ATPTherapy]": "%",
  "Chamber[icdClinic_Evaluation_BradyProgramming_Pacing_RA]": "RA",
  "Chamber[icdClinic_Evaluation_BradyProgramming_Pacing_RV]": "RV",
  "Chamber[icdClinic_Evaluation_BradyProgramming_Sensing_RA]": "RA",
  "Chamber[icdClinic_Evaluation_BradyProgramming_Sensing_RV]": "RV",
  "Committed10_[ICDClinic_Evaluation_TachyProgramming_Zone_ShockTherapy]": "1",
  "Committed2_[ICDClinic_Evaluation_TachyProgramming_VFZone_ShockTherapy]": "1",
  "Committed3_[ICDClinic_Evaluation_TachyProgramming_VFZone_ShockTherapy]": "1",
  "Committed3_[ICDClinic_Evaluation_TachyProgramming_Zone_ShockTherapy]": "1",
  "Committed4_[ICDClinic_Evaluation_TachyProgramming_VFZone_ShockTherapy]": "1",
  "Committed4_[ICDClinic_Evaluation_TachyProgramming_Zone_ShockTherapy]": "1",
  "Committed5_[ICDClinic_Evaluation_TachyProgramming_VFZone_ShockTherapy]": "1",
  "Committed5_[ICDClinic_Evaluation_TachyProgramming_Zone_ShockTherapy]": "1",
  "Committed6_[ICDClinic_Evaluation_TachyProgramming_VFZone_ShockTherapy]": "1",
  "Committed6_[ICDClinic_Evaluation_TachyProgramming_Zone_ShockTherapy]": "1",
  "Committed7_[ICDClinic_Evaluation_TachyProgramming_VFZone_ShockTherapy]": "1",
  "Committed7_[ICDClinic_Evaluation_TachyProgramming_Zone_ShockTherapy]": "1",
  "Committed8_[ICDClinic_Evaluation_TachyProgramming_VFZone_ShockTherapy]": "1",
  "Committed8_[ICDClinic_Evaluation_TachyProgramming_Zone_ShockTherapy]": "1",
  "Committed9_[ICDClinic_Evaluation_TachyProgramming_VFZone_ShockTherapy]": "1",
  "Committed9_[ICDClinic_Evaluation_TachyProgramming_Zone_ShockTherapy]": "1",
  "CouplingInterval1_[ICDClinic_Evaluation_TachyProgramming_Zone_ATPTherapy]": "80",
  "CouplingInterval2_[ICDClinic_Evaluation_TachyProgramming_Zone_ATPTherapy]": "80",
  "CouplingIntervalUnits1_[ICDClinic_Evaluation_TachyProgramming_Zone_ATPTherapy]": "%",
  "CouplingIntervalUnits2_[ICDClinic_Evaluation_TachyProgramming_Zone_ATPTherapy]": "%",
  "DetectionDuration_1_[ICDClinic_Evaluation_TachyProgramming_VFZone]": "8 of 12",
  "DetectionDuration_2_[ICDClinic_Evaluation_TachyProgramming_Zone]": "26",
  "DetectionInterval_ms_1_[ICDClinic_Evaluation_TachyProgramming_VFZone]": "300",
  "DetectionInterval_ms_2_[ICDClinic_Evaluation_TachyProgramming_Zone]": "360",
  "FallbackRate_bpm[icdClinic_Evaluation_BradyProgramming_AMS]": "DDI",
  "FastVentricularTachycardia[icdClinic_Evaluation_ICDTelemetry_Detections_Treatments]": "0",
  "LastHighVoltageChargeTime_seconds[icdClinic_Evaluation_ICDTelemetry]": "16.6",
  "LastHighVoltageEnergy[icdClinic_Evaluation_ICDTelemetry]": "40",
  "LeadImpedanceAtrial[icdClinic_Evaluation_ICDTelemetry]": "",
  "LeadImpedanceHighVoltage[icdClinic_Evaluation_ICDTelemetry]": "",
  "LeadImpedanceLeftVentricular[icdClinic_Evaluation_ICDTelemetry]": "",
  "LeadImpedanceRightVentricular[icdClinic_Evaluation_ICDTelemetry]": "",
  "MaximumNumberOfPulses1_[ICDClinic_Evaluation_TachyProgramming_Zone_ATPTherapy]": "18",
  "MaximumNumberOfPulses2_[ICDClinic_Evaluation_TachyProgramming_Zone_ATPTherapy]": "11",
  "MinimumBurstCycleLength_ms1_[ICDClinic_Evaluation_TachyProgramming_Zone_ATPTherapy]": "200",
  "MinimumBurstCycleLength_ms2_[ICDClinic_Evaluation_TachyProgramming_Zone_ATPTherapy]": "200",
  "NumberOfSequences1_[ICDClinic_Evaluation_TachyProgramming_Zone_ATPTherapy]": "3",
  "NumberOfSequences2_[ICDClinic_Evaluation_TachyProgramming_Zone_ATPTherapy]": "2",
  "OutputAmplitude_volts1_[ICDClinic_Evaluation_TachyProgramming_Zone_ATPTherapy]": "7.5",
  "OutputAmplitude_volts2_[ICDClinic_Evaluation_TachyProgramming_Zone_ATPTherapy]": "7.5",
  "OutputDuration_ms1_[ICDClinic_Evaluation_TachyProgramming_Zone_ATPTherapy]": "1.5",
  "OutputDuration_ms2_[ICDClinic_Evaluation_TachyProgramming_Zone_ATPTherapy]": "1.5",
  "Paced_ms[icdClinic_Evaluation_BradyProgramming_AVDelay]": "240",
  "Pathway10_[ICDClinic_Evaluation_TachyProgramming_Zone_ShockTherapy]": "RV(-), SVC/Can(+)",
  "Pathway2_[ICDClinic_Evaluation_TachyProgramming_VFZone_ShockTherapy]": "RV(-), SVC/Can(+)",
  "Pathway3_[ICDClinic_Evaluation_TachyProgramming_VFZone_ShockTherapy]": "RV(-), SVC/Can(+)",
  "Pathway3_[ICDClinic_Evaluation_TachyProgramming_Zone_ShockTherapy]": "RV(-), SVC/Can(+)",
  "Pathway4_[ICDClinic_Evaluation_TachyProgramming_VFZone_ShockTherapy]": "RV(-), SVC/Can(+)",
  "Pathway4_[ICDClinic_Evaluation_TachyProgramming_Zone_ShockTherapy]": "RV(-), SVC/Can(+)",
  "Pathway5_[ICDClinic_Evaluation_TachyProgramming_VFZone_ShockTherapy]": "RV(-), SVC/Can(+)",
  "Pathway5_[ICDClinic_Evaluation_TachyProgramming_Zone_ShockTherapy]": "RV(-), SVC/Can(+)",
  "Pathway6_[ICDClinic_Evaluation_TachyProgramming_VFZone_ShockTherapy]": "RV(-), SVC/Can(+)",
  "Pathway6_[ICDClinic_Evaluation_TachyProgramming_Zone_ShockTherapy]": "RV(-), SVC/Can(+)",
  "Pathway7_[ICDClinic_Evaluation_TachyProgramming_VFZone_ShockTherapy]": "RV(-), SVC/Can(+)",
  "Pathway7_[ICDClinic_Evaluation_TachyProgramming_Zone_ShockTherapy]": "RV(-), SVC/Can(+)",
  "Pathway8_[ICDClinic_Evaluation_TachyProgramming_VFZone_ShockTherapy]": "RV(-), SVC/Can(+)",
  "Pathway8_[ICDClinic_Evaluation_TachyProgramming_Zone_ShockTherapy]": "RV(-), SVC/Can(+)",
  "Pathway9_[ICDClinic_Evaluation_TachyProgramming_VFZone_ShockTherapy]": "RV(-), SVC/Can(+)",
  "Pathway9_[ICDClinic_Evaluation_TachyProgramming_Zone_ShockTherapy]": "RV(-), SVC/Can(+)",
  "PercentPacingAtrial[icdClinic_Evaluation_ICDTelemetry_Detections_Treatments]": "",
  "PercentPacingVentricular[icdClinic_Evaluation_ICDTelemetry_Detections_Treatments]": "",
  "Polarity[icdClinic_Evaluation_BradyProgramming_Pacing_RA]": "B",
  "Polarity[icdClinic_Evaluation_BradyProgramming_Pacing_RV]": "B",
  "Polarity[icdClinic_Evaluation_BradyProgramming_Sensing_RA]": "B",
  "Polarity[icdClinic_Evaluation_BradyProgramming_Sensing_RV]": "B",
  "PulseIncrement1_[ICDClinic_Evaluation_TachyProgramming_Zone_ATPTherapy]": "ON",
  "PulseIncrement2_[ICDClinic_Evaluation_TachyProgramming_Zone_ATPTherapy]": "ON",
  "PulseWidthNegative_ms10_[ICDClinic_Evaluation_TachyProgramming_Zone_ShockTherapy]": "",
  "PulseWidthNegative_ms2_[ICDClinic_Evaluation_TachyProgramming_VFZone_ShockTherapy]": "",
  "PulseWidthNegative_ms3_[ICDClinic_Evaluation_TachyProgramming_VFZone_ShockTherapy]": "",
  "PulseWidthNegative_ms3_[ICDClinic_Evaluation_TachyProgramming_Zone_ShockTherapy]": "",
  "PulseWidthNegative_ms4_[ICDClinic_Evaluation_TachyProgramming_VFZone_ShockTherapy]": "",
  "PulseWidthNegative_ms4_[ICDClinic_Evaluation_TachyProgramming_Zone_ShockTherapy]": "",
  "PulseWidthNegative_ms5_[ICDClinic_Evaluation_TachyProgramming_VFZone_ShockTherapy]": "",
  "PulseWidthNegative_ms5_[ICDClinic_Evaluation_TachyProgramming_Zone_ShockTherapy]": "",
  "PulseWidthNegative_ms6_[ICDClinic_Evaluation_TachyProgramming_VFZone_ShockTherapy]": "",
  "PulseWidthNegative_ms6_[ICDClinic_Evaluation_TachyProgramming_Zone_ShockTherapy]": "",
  "PulseWidthNegative_ms7_[ICDClinic_Evaluation_TachyProgramming_VFZone_ShockTherapy]": "",
  "PulseWidthNegative_ms7_[ICDClinic_Evaluation_TachyProgramming_Zone_ShockTherapy]": "",
  "PulseWidthNegative_ms8_[ICDClinic_Evaluation_TachyProgramming_VFZone_ShockTherapy]": "",
  "PulseWidthNegative_ms8_[ICDClinic_Evaluation_TachyProgramming_Zone_ShockTherapy]": "",
  "PulseWidthNegative_ms9_[ICDClinic_Evaluation_TachyProgramming_VFZone_ShockTherapy]": "",
  "PulseWidthNegative_ms9_[ICDClinic_Evaluation_TachyProgramming_Zone_ShockTherapy]": "",
  "PulseWidthPositive_ms10_[ICDClinic_Evaluation_TachyProgramming_Zone_ShockTherapy]": "",
  "PulseWidthPositive_ms2_[ICDClinic_Evaluation_TachyProgramming_VFZone_ShockTherapy]": "",
  "PulseWidthPositive_ms3_[ICDClinic_Evaluation_TachyProgramming_VFZone_ShockTherapy]": "",
  "PulseWidthPositive_ms3_[ICDClinic_Evaluation_TachyProgramming_Zone_ShockTherapy]": "",
  "PulseWidthPositive_ms4_[ICDClinic_Evaluation_TachyProgramming_VFZone_ShockTherapy]": "",
  "PulseWidthPositive_ms4_[ICDClinic_Evaluation_TachyProgramming_Zone_ShockTherapy]": "",
  "PulseWidthPositive_ms5_[ICDClinic_Evaluation_TachyProgramming_VFZone_ShockTherapy]": "",
  "PulseWidthPositive_ms5_[ICDClinic_Evaluation_TachyProgramming_Zone_ShockTherapy]": "",
  "PulseWidthPositive_ms6_[ICDClinic_Evaluation_TachyProgramming_VFZone_ShockTherapy]": "",
  "PulseWidthPositive_ms6_[ICDClinic_Evaluation_TachyProgramming_Zone_ShockTherapy]": "",
  "PulseWidthPositive_ms7_[ICDClinic_Evaluation_TachyProgramming_VFZone_ShockTherapy]": "",
  "PulseWidthPositive_ms7_[ICDClinic_Evaluation_TachyProgramming_Zone_ShockTherapy]": "",
  "PulseWidthPositive_ms8_[ICDClinic_Evaluation_TachyProgramming_VFZone_ShockTherapy]": "",
  "PulseWidthPositive_ms8_[ICDClinic_Evaluation_TachyProgramming_Zone_ShockTherapy]": "",
  "PulseWidthPositive_ms9_[ICDClinic_Evaluation_TachyProgramming_VFZone_ShockTherapy]": "",
  "PulseWidthPositive_ms9_[ICDClinic_Evaluation_TachyProgramming_Zone_ShockTherapy]": "",
  "PulseWidth_ms[icdClinic_Evaluation_BradyProgramming_Pacing_RA]": "0.5",
  "PulseWidth_ms[icdClinic_Evaluation_BradyProgramming_Pacing_RV]": "0.5",
  "RampDecrement_ms1_[ICDClinic_Evaluation_TachyProgramming_Zone_ATPTherapy]": "",
  "RampDecrement_ms2_[ICDClinic_Evaluation_TachyProgramming_Zone_ATPTherapy]": "10",
  "RateStabilityCriteria_2_[ICDClinic_Evaluation_TachyProgramming_Zone]": "12%",
  "Rate_bpm[icdClinic_Evaluation_BradyProgramming_AMS]": "160",
  "RedetectionDuration_2_[ICDClinic_Evaluation_TachyProgramming_Zone]": "20",
  "S1S2Ramp_percent1_[ICDClinic_Evaluation_TachyProgramming_Zone_ATPTherapy]": "",
  "S1S2Ramp_percent2_[ICDClinic_Evaluation_TachyProgramming_Zone_ATPTherapy]": "",
  "ScanDecrement_ms1_[ICDClinic_Evaluation_TachyProgramming_Zone_ATPTherapy]": "OFF",
  "ScanDecrement_ms2_[ICDClinic_Evaluation_TachyProgramming_Zone_ATPTherapy]": "OFF",
  "Sensed_ms[icdClinic_Evaluation_BradyProgramming_AVDelay]": "210",
  "ShockEnergy10_[ICDClinic_Evaluation_TachyProgramming_Zone_ShockTherapy]": "40",
  "ShockEnergy2_[ICDClinic_Evaluation_TachyProgramming_VFZone_ShockTherapy]": "40",
  "ShockEnergy3_[ICDClinic_Evaluation_TachyProgramming_VFZone_ShockTherapy]": "40",
  "ShockEnergy3_[ICDClinic_Evaluation_TachyProgramming_Zone_ShockTherapy]": "40",
  "ShockEnergy4_[ICDClinic_Evaluation_TachyProgramming_VFZone_ShockTherapy]": "40",
  "ShockEnergy4_[ICDClinic_Evaluation_TachyProgramming_Zone_ShockTherapy]": "40",
  "ShockEnergy5_[ICDClinic_Evaluation_TachyProgramming_VFZone_ShockTherapy]": "40",
  "ShockEnergy5_[ICDClinic_Evaluation_TachyProgramming_Zone_ShockTherapy]": "40",
  "ShockEnergy6_[ICDClinic_Evaluation_TachyProgramming_VFZone_ShockTherapy]": "40",
  "ShockEnergy6_[ICDClinic_Evaluation_TachyProgramming_Zone_ShockTherapy]": "40",
  "ShockEnergy7_[ICDClinic_Evaluation_TachyProgramming_VFZone_ShockTherapy]": "40",
  "ShockEnergy7_[ICDClinic_Evaluation_TachyProgramming_Zone_ShockTherapy]": "40",
  "ShockEnergy8_[ICDClinic_Evaluation_TachyProgramming_VFZone_ShockTherapy]": "40",
  "ShockEnergy8_[ICDClinic_Evaluation_TachyProgramming_Zone_ShockTherapy]": "40",
  "ShockEnergy9_[ICDClinic_Evaluation_TachyProgramming_VFZone_ShockTherapy]": "40",
  "ShockEnergy9_[ICDClinic_Evaluation_TachyProgramming_Zone_ShockTherapy]": "40",
  "ShockEnergyUnits10_[ICDClinic_Evaluation_TachyProgramming_Zone_ShockTherapy]": "J",
  "ShockEnergyUnits2_[ICDClinic_Evaluation_TachyProgramming_VFZone_ShockTherapy]": "J",
  "ShockEnergyUnits3_[ICDClinic_Evaluation_TachyProgramming_VFZone_ShockTherapy]": "J",
  "ShockEnergyUnits3_[ICDClinic_Evaluation_TachyProgramming_Zone_ShockTherapy]": "J",
  "ShockEnergyUnits4_[ICDClinic_Evaluation_TachyProgramming_VFZone_ShockTherapy]": "J",
  "ShockEnergyUnits4_[ICDClinic_Evaluation_TachyProgramming_Zone_ShockTherapy]": "J",
  "ShockEnergyUnits5_[ICDClinic_Evaluation_TachyProgramming_VFZone_ShockTherapy]": "J",
  "ShockEnergyUnits5_[ICDClinic_Evaluation_TachyProgramming_Zone_ShockTherapy]": "J",
  "ShockEnergyUnits6_[ICDClinic_Evaluation_TachyProgramming_VFZone_ShockTherapy]": "J",
  "ShockEnergyUnits6_[ICDClinic_Evaluation_TachyProgramming_Zone_ShockTherapy]": "J",
  "ShockEnergyUnits7_[ICDClinic_Evaluation_TachyProgramming_VFZone_ShockTherapy]": "J",
  "ShockEnergyUnits7_[ICDClinic_Evaluation_TachyProgramming_Zone_ShockTherapy]": "J",
  "ShockEnergyUnits8_[ICDClinic_Evaluation_TachyProgramming_VFZone_ShockTherapy]": "J",
  "ShockEnergyUnits8_[ICDClinic_Evaluation_TachyProgramming_Zone_ShockTherapy]": "J",
  "ShockEnergyUnits9_[ICDClinic_Evaluation_TachyProgramming_VFZone_ShockTherapy]": "J",
  "ShockEnergyUnits9_[ICDClinic_Evaluation_TachyProgramming_Zone_ShockTherapy]": "J",
  "ShocksAbortedVentricular[icdClinic_Evaluation_ICDTelemetry_Detections_Treatments]": "0",
  "ShocksAborted[icdClinic_Evaluation_ICDTelemetry_Totals]": "3",
  "ShocksDelivered[icdClinic_Evaluation_ICDTelemetry_Totals]": "",
  "SlowVentricularTachycardia[icdClinic_Evaluation_ICDTelemetry_Detections_Treatments]": "0",
  "Status10_[ICDClinic_Evaluation_TachyProgramming_Zone_ShockTherapy]": "1",
  "Status1_[ICDClinic_Evaluation_TachyProgramming_Zone_ATPTherapy]": "1",
  "Status2_[ICDClinic_Evaluation_TachyProgramming_VFZone_ShockTherapy]": "1",
  "Status2_[ICDClinic_Evaluation_TachyProgramming_Zone_ATPTherapy]": "1",
  "Status3_[ICDClinic_Evaluation_TachyProgramming_VFZone_ShockTherapy]": "1",
  "Status3_[ICDClinic_Evaluation_TachyProgramming_Zone_ShockTherapy]": "1",
  "Status4_[ICDClinic_Evaluation_TachyProgramming_VFZone_ShockTherapy]": "1",
  "Status4_[ICDClinic_Evaluation_TachyProgramming_Zone_ShockTherapy]": "1",
  "Status5_[ICDClinic_Evaluation_TachyProgramming_VFZone_ShockTherapy]": "1",
  "Status5_[ICDClinic_Evaluation_TachyProgramming_Zone_ShockTherapy]": "1",
  "Status6_[ICDClinic_Evaluation_TachyProgramming_VFZone_ShockTherapy]": "1",
  "Status6_[ICDClinic_Evaluation_TachyProgramming_Zone_ShockTherapy]": "1",
  "Status7_[ICDClinic_Evaluation_TachyProgramming_VFZone_ShockTherapy]": "1",
  "Status7_[ICDClinic_Evaluation_TachyProgramming_Zone_ShockTherapy]": "1",
  "Status8_[ICDClinic_Evaluation_TachyProgramming_VFZone_ShockTherapy]": "1",
  "Status8_[ICDClinic_Evaluation_TachyProgramming_Zone_ShockTherapy]": "1",
  "Status9_[ICDClinic_Evaluation_TachyProgramming_VFZone_ShockTherapy]": "1",
  "Status9_[ICDClinic_Evaluation_TachyProgramming_Zone_ShockTherapy]": "1",
  "StimuliCount1_[ICDClinic_Evaluation_TachyProgramming_Zone_ATPTherapy]": "5",
  "StimuliCount2_[ICDClinic_Evaluation_TachyProgramming_Zone_ATPTherapy]": "5",
  "SuddenOnsetCriteriaUnits_2_[ICDClinic_Evaluation_TachyProgramming_Zone]": "%",
  "SuddenOnsetCriteria_2_[ICDClinic_Evaluation_TachyProgramming_Zone]": "20",
  "TherapyConfiguration_1_[ICDClinic_Evaluation_TachyProgramming_VFZone]": "8 Shocks",
  "TherapyConfiguration_2_[ICDClinic_Evaluation_TachyProgramming_Zone]": "ATP + 8 Shocks",
  "TherapyConfiguration_3_[ICDClinic_Evaluation_TachyProgramming_Zone]": "Disabled",
  "TherapyNumber10_[ICDClinic_Evaluation_TachyProgramming_Zone_ShockTherapy]": "10",
  "TherapyNumber1_[ICDClinic_Evaluation_TachyProgramming_Zone_ATPTherapy]": "1",
  "TherapyNumber2_[ICDClinic_Evaluation_TachyProgramming_VFZone_ShockTherapy]": "2",
  "TherapyNumber2_[ICDClinic_Evaluation_TachyProgramming_Zone_ATPTherapy]": "2",
  "TherapyNumber3_[ICDClinic_Evaluation_TachyProgramming_VFZone_ShockTherapy]": "3",
  "TherapyNumber3_[ICDClinic_Evaluation_TachyProgramming_Zone_ShockTherapy]": "3",
  "TherapyNumber4_[ICDClinic_Evaluation_TachyProgramming_VFZone_ShockTherapy]": "4",
  "TherapyNumber4_[ICDClinic_Evaluation_TachyProgramming_Zone_ShockTherapy]": "4",
  "TherapyNumber5_[ICDClinic_Evaluation_TachyProgramming_VFZone_ShockTherapy]": "5",
  "TherapyNumber5_[ICDClinic_Evaluation_TachyProgramming_Zone_ShockTherapy]": "5",
  "TherapyNumber6_[ICDClinic_Evaluation_TachyProgramming_VFZone_ShockTherapy]": "6",
  "TherapyNumber6_[ICDClinic_Evaluation_TachyProgramming_Zone_ShockTherapy]": "6",
  "TherapyNumber7_[ICDClinic_Evaluation_TachyProgramming_VFZone_ShockTherapy]": "7",
  "TherapyNumber7_[ICDClinic_Evaluation_TachyProgramming_Zone_ShockTherapy]": "7",
  "TherapyNumber8_[ICDClinic_Evaluation_TachyProgramming_VFZone_ShockTherapy]": "8",
  "TherapyNumber8_[ICDClinic_Evaluation_TachyProgramming_Zone_ShockTherapy]": "8",
  "TherapyNumber9_[ICDClinic_Evaluation_TachyProgramming_VFZone_ShockTherapy]": "9",
  "TherapyNumber9_[ICDClinic_Evaluation_TachyProgramming_Zone_ShockTherapy]": "9",
  "TherapyType1_[ICDClinic_Evaluation_TachyProgramming_Zone_ATPTherapy]": "Burst",
  "TherapyType2_[ICDClinic_Evaluation_TachyProgramming_Zone_ATPTherapy]": "Ramp",
  "TotalCharges[icdClinic_Evaluation_ICDTelemetry_Totals]": "",
  "VVDelay_ms[icdClinic_Evaluation_BradyProgramming_AVDelay]": "",
  "VentricularFibrillation[icdClinic_Evaluation_ICDTelemetry_Detections_Treatments]": "0",
  "Waveform10_[ICDClinic_Evaluation_TachyProgramming_Zone_ShockTherapy]": "Biphasic",
  "Waveform2_[ICDClinic_Evaluation_TachyProgramming_VFZone_ShockTherapy]": "Biphasic",
  "Waveform3_[ICDClinic_Evaluation_TachyProgramming_VFZone_ShockTherapy]": "Biphasic",
  "Waveform3_[ICDClinic_Evaluation_TachyProgramming_Zone_ShockTherapy]": "Biphasic",
  "Waveform4_[ICDClinic_Evaluation_TachyProgramming_VFZone_ShockTherapy]": "Biphasic",
  "Waveform4_[ICDClinic_Evaluation_TachyProgramming_Zone_ShockTherapy]": "Biphasic",
  "Waveform5_[ICDClinic_Evaluation_TachyProgramming_VFZone_ShockTherapy]": "Biphasic",
  "Waveform5_[ICDClinic_Evaluation_TachyProgramming_Zone_ShockTherapy]": "Biphasic",
  "Waveform6_[ICDClinic_Evaluation_TachyProgramming_VFZone_ShockTherapy]": "Biphasic",
  "Waveform6_[ICDClinic_Evaluation_TachyProgramming_Zone_ShockTherapy]": "Biphasic",
  "Waveform7_[ICDClinic_Evaluation_TachyProgramming_VFZone_ShockTherapy]": "Biphasic",
  "Waveform7_[ICDClinic_Evaluation_TachyProgramming_Zone_ShockTherapy]": "Biphasic",
  "Waveform8_[ICDClinic_Evaluation_TachyProgramming_VFZone_ShockTherapy]": "Biphasic",
  "Waveform8_[ICDClinic_Evaluation_TachyProgramming_Zone_ShockTherapy]": "Biphasic",
  "Waveform9_[ICDClinic_Evaluation_TachyProgramming_VFZone_ShockTherapy]": "Biphasic",
  "Waveform9_[ICDClinic_Evaluation_TachyProgramming_Zone_ShockTherapy]": "Biphasic",
  "ZoneType_2_[ICDClinic_Evaluation_TachyProgramming_Zone]": "SlowVT",
  "ZoneType_3_[ICDClinic_Evaluation_TachyProgramming_Zone]": "FastVT",
  "birthDate": Object {
    "name": "birthDate",
    "type": "date",
    "value": "1949-07-10",
  },
  "commentary": Object {
    "name": "commentary",
    "type": "string",
    "value": "Symptom=Prophylactic indication, Aetiology=Dilative cardiomyopathy (ischemic), ECGIndication=QRS widening",
  },
  "generationDate": Object {
    "name": "generationDate",
    "type": "date",
    "value": "2016-12-23T12:15:28",
  },
  "icdClinic_Date": Object {
    "name": "ICDClinic_Date",
    "type": "date",
    "value": "2016-12-23T12:12:00",
  },
  "icdClinic_EvaluationBrady_Programming_TrackingRate_bpm": Object {
    "name": "TrackingRate_bpm[ICDClinic_EvaluationBrady_Programming]",
    "type": "number",
    "value": "130",
  },
  "icdClinic_Evaluation_BradyProgramming_HysteresisRate_bpm": Object {
    "name": "HysteresisRate_bpm[ICDClinic_Evaluation_BradyProgramming]",
    "type": "number",
    "value": "60",
  },
  "icdClinic_Evaluation_BradyProgramming_LowerRate_bpm": Object {
    "name": "LowerRate_bpm[ICDClinic_Evaluation_BradyProgramming]",
    "type": "number",
    "value": "60",
  },
  "icdClinic_Evaluation_BradyProgramming_Notes": Object {
    "name": "Notes[ICDClinic_Evaluation_BradyProgramming]",
    "type": "string",
    "value": "MSW.Rate =70bpm; MSw mode=DDI;",
  },
  "icdClinic_Evaluation_BradyProgramming_PMTIntervention": Object {
    "name": "PMTIntervention[ICDClinic_Evaluation_BradyProgramming]",
    "type": "string",
    "value": "ON",
  },
  "icdClinic_Evaluation_BradyProgramming_PVCIntervention": Object {
    "name": "PVCIntervention[ICDClinic_Evaluation_BradyProgramming]",
    "type": "number",
    "value": "475",
  },
  "icdClinic_Evaluation_BradyProgramming_PacingMode": Object {
    "name": "PacingMode[ICDClinic_Evaluation_BradyProgramming]",
    "type": "string",
    "value": "DDD",
  },
  "implantDate": Object {
    "name": "implantDate",
    "type": "date",
    "value": "2010-10-25",
  },
  "institutionName": Object {
    "name": "institutionName",
    "type": "string",
    "value": "BIOTRONIK SE & Co. KG",
  },
  "manufacturer": Object {
    "name": "manufacturer",
    "type": "string",
    "value": "Biotronik",
  },
  "model": Object {
    "name": "model",
    "type": "string",
    "value": "Lumax 340 DR-T",
  },
  "nameFirst": Object {
    "name": "nameFirst",
    "type": "string",
    "value": "ANONYMOUS",
  },
  "nameLast": Object {
    "name": "nameLast",
    "type": "string",
    "value": "ANONYMOUS",
  },
  "schemaVersion": Object {
    "name": "schemaVersion",
    "type": "string",
    "value": "2.0",
  },
  "serialNumber": Object {
    "name": "serialNumber",
    "type": "string",
    "value": "60485754",
  },
}
`;
