// Jest Snapshot v1, https://goo.gl/fbAQLP

exports[`interrogation Medtronic class should get structured data row from file 1`] = `
Array [
  Object {
    "name": "ToolGenerator",
    "type": "string",
    "value": "PDDTOOLS (C) 2007 Medtronic Inc.",
  },
  Object {
    "name": "Version",
    "type": "string",
    "value": "Rev. 2.005 23-Aug-13",
  },
  Object {
    "name": "Note",
    "type": "string",
    "value": "*** FOR INTERNAL USE ONLY ***",
  },
  Object {
    "name": "LIA RAMware Status",
    "type": "string",
    "value": "INSTALLED",
  },
  Object {
    "name": "Model Identification:",
    "type": "string",
    "value": "Consulta CRT-D D234TRK",
  },
  Object {
    "name": "Serial Number:",
    "type": "string",
    "value": "PYZ626053S",
  },
  Object {
    "name": "Binary File:",
    "type": "string",
    "value": "17123650.pdd",
  },
  Object {
    "name": "Binary File Saved on:",
    "type": "string",
    "value": "17-Apr-15 12:36:50",
  },
  Object {
    "name": "Open XML-file for more info",
    "type": "string",
    "value": "17123650.xml",
  },
  Object {
    "name": "Open Waveform Viewer",
    "type": "string",
    "value": "Waveform Viewer",
  },
  Object {
    "name": "Prior to Last Session Timestamp",
    "type": "date",
    "value": "15-Apr-2015 14:44:59",
  },
  Object {
    "name": "Last Session Timestamp",
    "type": "date",
    "value": "16-Apr-2015 14:56:33",
  },
  Object {
    "name": "Last Clear Timestamp",
    "type": "date",
    "value": "23-Jun-2014 14:32:43",
  },
  Object {
    "name": "Last Remote Interrogation Timestamp",
    "type": "date",
    "value": "N/A",
  },
  Object {
    "name": "Device Implant Timestamp",
    "type": "date",
    "value": "23-Jun-2014 14:32:43",
  },
  Object {
    "name": "Last Interrogated Timestamp",
    "type": "date",
    "value": "17-Apr-2015 13:33:08",
  },
  Object {
    "name": "Days Since Last Session",
    "type": "string",
    "value": "0.94",
  },
  Object {
    "name": "Days in Previous Session",
    "type": "string",
    "value": "1.47",
  },
  Object {
    "name": "Audit Rule(s)/Observations:",
    "type": "string",
    "value": null,
  },
  Object {
    "name": "Vf Dx Off",
    "type": "string",
    "value": "",
  },
  Object {
    "name": "Alert Defib Lead Warning",
    "type": "string",
    "value": "Date Time, 16-Apr-2015 15:00:22",
  },
  Object {
    "name": "Alert SVC Lead Warning",
    "type": "string",
    "value": "Date Time, 16-Apr-2015 15:00:23",
  },
  Object {
    "name": "Alert V Bipolar Lead Warning",
    "type": "string",
    "value": "Date Time, 16-Apr-2015 15:00:10",
  },
  Object {
    "name": "Alert A Bipolar Lead Warning",
    "type": "string",
    "value": "Date Time, 16-Apr-2015 15:00:04",
  },
  Object {
    "name": "Alert LV Perm Pacing Polarity Lead Warning",
    "type": "string",
    "value": "Polarity, L Vtip To R Vcoil, Date Time, 16-Apr-2015 15:00:18",
  },
  Object {
    "name": "LVCM Cannot Measure LV Threshold Last 7 Days",
    "type": "string",
    "value": "",
  },
  Object {
    "name": "FDI Small",
    "type": "string",
    "value": "",
  },
  Object {
    "name": "Vt Dx Off",
    "type": "string",
    "value": "",
  },
  Object {
    "name": "DOOMode",
    "type": "string",
    "value": "",
  },
  Object {
    "name": "Time Of Last Battery Measurement",
    "type": "string",
    "value": "17-Apr-2015 13:33:04",
  },
  Object {
    "name": "Last Battery Measurement",
    "type": "string",
    "value": "3.0187 V, ERI/RRT=2.6251 V, EOL=2.5534 V",
  },
  Object {
    "name": "Time of RRT",
    "type": "string",
    "value": "N/A",
  },
  Object {
    "name": "Last Lead Impedance Measurements",
    "type": "string",
    "value": "Timestamp, Leadtype, Impedance [Ohms]",
  },
  Object {
    "name": "Last Lead Impedance Measurement 1",
    "type": "string",
    "value": ", 4/17/15 9:00, A Pace  Bipolar, 4047",
  },
  Object {
    "name": "Last Lead Impedance Measurement 2",
    "type": "string",
    "value": ", 4/17/15 9:00, V Pace  Bipolar, 4047",
  },
  Object {
    "name": "Last Lead Impedance Measurement 3",
    "type": "string",
    "value": ", 4/17/15 9:00, LV Tip LV Ring, 4047",
  },
  Object {
    "name": "Last Lead Impedance Measurement 4",
    "type": "string",
    "value": ", 4/17/15 9:00, LV Ring RV Coil, 4047",
  },
  Object {
    "name": "Last Lead Impedance Measurement 5",
    "type": "string",
    "value": ", 4/17/15 9:00, LV Tip RV Coil, 4047",
  },
  Object {
    "name": "Last Lead Impedance Measurement 6",
    "type": "string",
    "value": ", 4/17/15 9:00, Defib, 254",
  },
  Object {
    "name": "Last Lead Impedance Measurement 7",
    "type": "string",
    "value": ", 4/17/15 9:00, SVC, 254",
  },
  Object {
    "name": "Charge Information:",
    "type": "string",
    "value": "Timestamp, Duration [sec], Start [J], Stop [J], Del. [J], Imp. [Ohm], Pathway, Waveform, Can",
  },
  Object {
    "name": "Last Formation",
    "type": "string",
    "value": "16-Apr-2015 14:57:34, 7.397, 0, 35",
  },
  Object {
    "name": "Last Charge",
    "type": "string",
    "value": "17-Apr-2015 13:34:31, 7.397, 0, 35",
  },
  Object {
    "name": "Last Full Charge",
    "type": "string",
    "value": "17-Apr-2015 13:34:31, 7.397, 0, 35",
  },
  Object {
    "name": "Last Charge Greater Or At Formation",
    "type": "string",
    "value": "17-Apr-2015 13:34:31, 7.397, 0, 35",
  },
  Object {
    "name": "DevelopmentID,ResearchID,FeatureID",
    "type": "string",
    "value": "N/A, 4, 0, 1",
  },
  Object {
    "name": "Total Life Cumulative Charge Time",
    "type": "string",
    "value": "127.67, sec",
  },
  Object {
    "name": "Last Session Cumulative Charge Time",
    "type": "string",
    "value": "7.4, sec",
  },
  Object {
    "name": "Prior to Last Session Cumulative Charge Time",
    "type": "string",
    "value": "7.42, sec",
  },
  Object {
    "name": "Prior to Prior Session Cumulative Charge Time",
    "type": "string",
    "value": "112.85, sec",
  },
  Object {
    "name": "Short Interval Counter Data:",
    "type": "string",
    "value": "SIC Interval < 140 ms",
  },
  Object {
    "name": "Ventricular Blanking After Sensed Event:",
    "type": "string",
    "value": "120  ms",
  },
  Object {
    "name": "-",
    "type": "string",
    "value": ", Duration (days), V-SICount, V-SIC First in Session, V-SIC duration, V-SIC Avg/day, A-SICount, A-SIC First in Session, A-SIC duration, A-SIC Avg/day",
  },
  Object {
    "name": "Prior To Last Session",
    "type": "string",
    "value": "1.47, 0, N/A, N/A, N/A, 0, N/A, N/A, N/A",
  },
  Object {
    "name": "Since Last Session",
    "type": "string",
    "value": "0.94, 0, N/A, N/A, N/A, 0, N/A, N/A, N/A",
  },
  Object {
    "name": "Lifetime",
    "type": "string",
    "value": "297.96, 0, N/A, N/A, N/A, 0, N/A, N/A, N/A",
  },
  Object {
    "name": "Patient Profile Implant Date",
    "type": "string",
    "value": "N/A",
  },
  Object {
    "name": "Lead Information:",
    "type": "string",
    "value": "Model, Manufacturer, Position, Serial, Implant Date",
  },
  Object {
    "name": "Lead 1",
    "type": "string",
    "value": ", , , , N/A",
  },
  Object {
    "name": "Lead 2",
    "type": "string",
    "value": ", , , , N/A",
  },
  Object {
    "name": "Lead 3",
    "type": "string",
    "value": ", , , , N/A",
  },
  Object {
    "name": "Patient Alerts:",
    "type": "string",
    "value": "Timestamp, Type",
  },
  Object {
    "name": "Patient Alert 1",
    "type": "string",
    "value": "16-Apr-2015 15:00:23, Out of Tolerance Subthreshold Lead Impedance",
  },
  Object {
    "name": "Patient Alert 2",
    "type": "string",
    "value": "15-Apr-2015 15:00:23, Out of Tolerance Subthreshold Lead Impedance",
  },
  Object {
    "name": "Patient Alert 3",
    "type": "string",
    "value": "14-Apr-2015 21:00:23, Out of Tolerance Subthreshold Lead Impedance",
  },
  Object {
    "name": "Patient Alert 4",
    "type": "string",
    "value": "14-Apr-2015 15:00:23, Out of Tolerance Subthreshold Lead Impedance",
  },
  Object {
    "name": "Patient Alert 5",
    "type": "string",
    "value": "13-Apr-2015 21:00:22, Out of Tolerance Subthreshold Lead Impedance",
  },
  Object {
    "name": "Patient Alert 6",
    "type": "string",
    "value": "10-Apr-2015 15:00:23, Out of Tolerance Subthreshold Lead Impedance",
  },
  Object {
    "name": "Patient Alert 7",
    "type": "string",
    "value": "09-Apr-2015 21:00:22, Out of Tolerance Subthreshold Lead Impedance",
  },
  Object {
    "name": "Patient Alert 8",
    "type": "string",
    "value": "08-Apr-2015 15:00:23, Out of Tolerance Subthreshold Lead Impedance",
  },
  Object {
    "name": "Patient Alert 9",
    "type": "string",
    "value": "27-Feb-2015 15:00:23, Out of Tolerance Subthreshold Lead Impedance",
  },
  Object {
    "name": "Patient Alert 10",
    "type": "string",
    "value": "17-Aug-2014 03:00:23, Out of Tolerance Subthreshold Lead Impedance",
  },
  Object {
    "name": "Patient Alert 11",
    "type": "string",
    "value": "06-Aug-2014 00:00:00, Asynchronous Pacing Mode Since Midnight",
  },
  Object {
    "name": "Patient Alert 12",
    "type": "string",
    "value": "05-Aug-2014 19:55:39, VF Det Or VFFVT Via VF Rx Off",
  },
  Object {
    "name": "Patient Alert 13",
    "type": "string",
    "value": "05-Aug-2014 15:00:23, Out of Tolerance Subthreshold Lead Impedance",
  },
]
`;
