// Jest Snapshot v1, https://goo.gl/fbAQLP

exports[`interrogation StJude class should get structured row from file 1`] = `
Array [
  Object {
    "id": 100,
    "name": "Programmer Marketing Name",
    "type": "string",
    "value": "Merlin",
  },
  Object {
    "id": 2469,
    "name": "RV Lead Serial Number",
    "type": "string",
    "value": "",
  },
  Object {
    "id": 390,
    "name": "Shortest PVARP/VREF",
    "type": "numeric",
    "value": 215,
  },
  Object {
    "id": 2707,
    "name": "Device Charging History Level 8",
    "type": "numeric",
    "value": 25,
  },
  Object {
    "id": 409,
    "name": "Activity Sensor: Recovery Time",
    "type": "string",
    "value": "Medium",
  },
  Object {
    "id": 2754,
    "name": "Total Number of AT/AF Episodes Since Last Cleared",
    "type": "numeric",
    "value": 0,
  },
  Object {
    "id": 309,
    "name": "Ventricular Pace Refractory",
    "type": "numeric",
    "value": 240,
  },
  Object {
    "id": 2387,
    "name": "VF Therapy 1 Type",
    "type": "string",
    "value": "ATP While Charging",
  },
  Object {
    "id": 2303,
    "name": "ATP Pulse Width[ms]",
    "type": "numeric",
    "value": 1.1,
  },
  Object {
    "id": 2432,
    "name": "Follow-up Physician",
    "type": "string",
    "value": "",
  },
  Object {
    "id": 2047,
    "name": "Post-Shock Ventricular Pulse Width[ms]",
    "type": "numeric",
    "value": 1.4,
  },
  Object {
    "id": 2631,
    "name": "Number of Fib Episodes with Therapy Aborted",
    "type": "numeric",
    "value": 0,
  },
  Object {
    "id": 2231,
    "name": "Post-Sensed Ventricular Decay Delay",
    "type": "numeric",
    "value": 50,
  },
  Object {
    "id": 2393,
    "name": "VF Therapy No. Stimuli",
    "type": "numeric",
    "value": 8,
  },
  Object {
    "id": 403,
    "name": "Measured Average Sensor",
    "type": "numeric",
    "value": 2.1,
  },
  Object {
    "id": 2489,
    "name": "Number of Notifications",
    "type": "numeric",
    "value": 45,
  },
  Object {
    "id": 354,
    "name": "Rest Rate",
    "type": "string",
    "value": "Off",
  },
  Object {
    "id": 2154,
    "name": "Interval Stability SIH Count",
    "type": "numeric",
    "value": 2,
  },
  Object {
    "id": 2329,
    "name": "VT-1 Energy 3",
    "type": "numeric",
    "value": 35,
  },
  Object {
    "id": 2150,
    "name": "Morphology",
    "type": "string",
    "value": "On (60%, 7)",
  },
  Object {
    "id": 2905,
    "name": "V Sense Polarity",
    "type": "string",
    "value": "Bipolar",
  },
  Object {
    "id": 2743,
    "name": "Last Max Charge Date",
    "type": "string",
    "value": "06/07/2015 15:54:15",
  },
  Object {
    "id": 2302,
    "name": "ATP Pulse Amplitude",
    "type": "numeric",
    "value": 7.5,
  },
  Object {
    "id": 2442,
    "name": "Implant Date: Device",
    "type": "string",
    "value": "07/07/2012 00:00:00",
  },
  Object {
    "id": 2632,
    "name": "Number of Fib Episodes with Therapy Delivered",
    "type": "numeric",
    "value": 0,
  },
  Object {
    "id": 2120,
    "name": "Post VF/VT-2 Detection Interval",
    "type": "string",
    "value": "Same as VT",
  },
  Object {
    "id": 307,
    "name": "Ventricular Sense Configuration",
    "type": "string",
    "value": "Bipolar",
  },
  Object {
    "id": 2902,
    "name": "Committed",
    "type": "boolean",
    "value": false,
  },
  Object {
    "id": 2430,
    "name": "Patient Name",
    "type": "string",
    "value": "ANONYMOUS NAME",
  },
  Object {
    "id": 2487,
    "name": "Stimulus Duration",
    "type": "numeric",
    "value": 7,
  },
  Object {
    "id": 2390,
    "name": "VF Therapy BCL Mode",
    "type": "string",
    "value": "Adaptive",
  },
  Object {
    "id": 321,
    "name": "Magnet Response",
    "type": "string",
    "value": "Normal",
  },
  Object {
    "id": 2441,
    "name": "Indications for Implant: List",
    "type": "string",
    "value": "Atrial Fibrillation (AF), AV Block, 3rd degree, Dilated Cardiomyopathy (CHF/DCM), Non-Ischemic Cardiomyopathy",
  },
  Object {
    "id": 2323,
    "name": "VT-1 Therapy 4 Type",
    "type": "string",
    "value": "CVRT x 2",
  },
  Object {
    "id": 202,
    "name": "Device Serial Number",
    "type": "numeric",
    "value": 1111111,
  },
  Object {
    "id": 2662,
    "name": "Tach B Episodes Where ATP Delivered",
    "type": "numeric",
    "value": 0,
  },
  Object {
    "id": 874,
    "name": "RV Lead Monitoring: Upper Limit",
    "type": "numeric",
    "value": 2000,
  },
  Object {
    "id": 2681,
    "name": "Event Histogram Percent Paced In Ventricle",
    "type": "numeric",
    "value": 90,
  },
  Object {
    "id": 2907,
    "name": "V Pace Polarity",
    "type": "string",
    "value": "Bipolar",
  },
  Object {
    "id": 2152,
    "name": "Sudden Onset Delta Mode",
    "type": "string",
    "value": "Adaptive",
  },
  Object {
    "id": 2229,
    "name": "Ventricular Pacemaker Max Sensitivity",
    "type": "string",
    "value": "Same as Defib",
  },
  Object {
    "id": 301,
    "name": "Mode",
    "type": "string",
    "value": "VVI",
  },
  Object {
    "id": 2388,
    "name": "Max VF Interval for ATP",
    "type": "numeric",
    "value": 240,
  },
  Object {
    "id": 305,
    "name": "RV Pulse Width",
    "type": "numeric",
    "value": 0.5,
  },
  Object {
    "id": 2161,
    "name": "Interval Stability Window Size",
    "type": "numeric",
    "value": 12,
  },
  Object {
    "id": 2706,
    "name": "Device Charging History Level 75",
    "type": "string",
    "value": "",
  },
  Object {
    "id": 2322,
    "name": "VT-1 Therapy 3 Type",
    "type": "string",
    "value": "CVRT",
  },
  Object {
    "id": 105,
    "name": "Session Timestamp",
    "type": "string",
    "value": "07/07/2015 15:42:40",
  },
  Object {
    "id": 2151,
    "name": "Sudden Onset",
    "type": "string",
    "value": "On",
  },
  Object {
    "id": 2321,
    "name": "VT-1 Therapy 2 Type",
    "type": "string",
    "value": "CVRT",
  },
  Object {
    "id": 2153,
    "name": "Sudden Onset Delta",
    "type": "numeric",
    "value": 20,
  },
  Object {
    "id": 507,
    "name": "RV Pacing Lead Impedance",
    "type": "numeric",
    "value": 3297.5,
  },
  Object {
    "id": 395,
    "name": "Suspend Notification during Rest",
    "type": "string",
    "value": "On",
  },
  Object {
    "id": 2440,
    "name": "Ejection Fraction",
    "type": "numeric",
    "value": 20,
  },
  Object {
    "id": 2382,
    "name": "VF Energy 1",
    "type": "numeric",
    "value": 31,
  },
  Object {
    "id": 2911,
    "name": "VT-1 Therapy 1 Sequence",
    "type": "string",
    "value": "Decrement",
  },
  Object {
    "id": 2705,
    "name": "Device Charging History Level 6",
    "type": "numeric",
    "value": 0,
  },
  Object {
    "id": 2024,
    "name": "Maximum Pacing Rate",
    "type": "numeric",
    "value": 110,
  },
  Object {
    "id": 533,
    "name": "Longevity Estimate",
    "type": "numeric",
    "value": 7,
  },
  Object {
    "id": 2480,
    "name": "Low Battery Notification Mode",
    "type": "string",
    "value": "On",
  },
  Object {
    "id": 2742,
    "name": "Charge Interval",
    "type": "numeric",
    "value": 4,
  },
  Object {
    "id": 2483,
    "name": "SOSD Notification Mode",
    "type": "string",
    "value": "On",
  },
  Object {
    "id": 2331,
    "name": "VT-1 Energy 4",
    "type": "numeric",
    "value": 20,
  },
  Object {
    "id": 209,
    "name": "RV Lead Type",
    "type": "string",
    "value": "Bipolar",
  },
  Object {
    "id": 2485,
    "name": "Ventricular PLI Notification Mode",
    "type": "string",
    "value": "Off",
  },
  Object {
    "id": 2745,
    "name": "Last HV Cap Charge Duration",
    "type": "numeric",
    "value": 8.275,
  },
  Object {
    "id": 2265,
    "name": "Shock Configuration",
    "type": "string",
    "value": "RV to Can",
  },
  Object {
    "id": 2105,
    "name": "VT-1 No. of Intervals",
    "type": "numeric",
    "value": 16,
  },
  Object {
    "id": 370,
    "name": "Auto Intrinsic Conduction Search",
    "type": "string",
    "value": "Off",
  },
  Object {
    "id": 2260,
    "name": "Waveform",
    "type": "string",
    "value": "Biphasic",
  },
  Object {
    "id": 103,
    "name": "Application Software Version Number",
    "type": "string",
    "value": "3330 v18.2 rev 1",
  },
  Object {
    "id": 2292,
    "name": "VT-1 Therapy 1 BCL",
    "type": "numeric",
    "value": 85,
  },
  Object {
    "id": 302,
    "name": "Base Rate",
    "type": "numeric",
    "value": 55,
  },
  Object {
    "id": 2766,
    "name": "Right Ventricular Pacing Lead Impedance Notification Time Stamp (Time)",
    "type": "string",
    "value": "20:23:48",
  },
  Object {
    "id": 2661,
    "name": "Tach A Episodes Where ATP Delivered",
    "type": "numeric",
    "value": 0,
  },
  Object {
    "id": 404,
    "name": "Activity Sensor: Slope",
    "type": "numeric",
    "value": 8,
  },
  Object {
    "id": 2145,
    "name": "Interval Stability",
    "type": "string",
    "value": "On w/SIH",
  },
  Object {
    "id": 2163,
    "name": "SVT Discrimination in VT-1",
    "type": "string",
    "value": "On",
  },
  Object {
    "id": 389,
    "name": "Rate Responsive PVARP/VREF",
    "type": "string",
    "value": "Low",
  },
  Object {
    "id": 2740,
    "name": "Last Cap Maintenance Charge Duration",
    "type": "numeric",
    "value": 8.4,
  },
  Object {
    "id": 2481,
    "name": "HV Charge Notification Mode",
    "type": "string",
    "value": "On",
  },
  Object {
    "id": 2639,
    "name": "Number Of MTD/MTT Episodes With Diagnosis Inhibited By BA",
    "type": "numeric",
    "value": 0,
  },
  Object {
    "id": 2704,
    "name": "Device Charging History Level 5",
    "type": "numeric",
    "value": 0,
  },
  Object {
    "id": 353,
    "name": "RV AutoCapture",
    "type": "string",
    "value": "Off",
  },
  Object {
    "id": 2004,
    "name": "Ventricular Sensing Chamber",
    "type": "string",
    "value": "RV",
  },
  Object {
    "id": 2755,
    "name": "Total Time in AT/AF Recent Week",
    "type": "numeric",
    "value": 0,
  },
  Object {
    "id": 203,
    "name": "Device Last Interrogation Date and Time",
    "type": "string",
    "value": "07/09/2015 15:42:40",
  },
  Object {
    "id": 2765,
    "name": "Right Ventricular Pacing Lead Impedance Notification Time Stamp (Date)",
    "type": "string",
    "value": "10/30/2015",
  },
  Object {
    "id": 2670,
    "name": "Total Number of Aborted Shocks",
    "type": "numeric",
    "value": 0,
  },
  Object {
    "id": 104,
    "name": "Application Build Number",
    "type": "string",
    "value": "IRU2.6.5_14.05.21",
  },
  Object {
    "id": 2020,
    "name": "Ventricular Noise Reversion Mode",
    "type": "string",
    "value": "Pacing Off",
  },
  Object {
    "id": 2633,
    "name": "Number Of Tach B Episodes With All Diagnosis Inhibited",
    "type": "numeric",
    "value": 0,
  },
  Object {
    "id": 201,
    "name": "Device Model Number",
    "type": "string",
    "value": "1233-40Q",
  },
  Object {
    "id": 2703,
    "name": "Device Charging History Level 4",
    "type": "numeric",
    "value": 0,
  },
  Object {
    "id": 2724,
    "name": "Test Polarity of Ventricular Signal Amplitude",
    "type": "string",
    "value": "Bipolar",
  },
  Object {
    "id": 402,
    "name": "Activity Sensor: Threshold",
    "type": "string",
    "value": "Auto (+0.0)",
  },
  Object {
    "id": 2146,
    "name": "Interval Stability Delta",
    "type": "numeric",
    "value": 40,
  },
  Object {
    "id": 873,
    "name": "RV Lead Monitoring",
    "type": "string",
    "value": "Monitor",
  },
  Object {
    "id": 2200,
    "name": "SVT Discrimination Timeout",
    "type": "string",
    "value": "Off",
  },
  Object {
    "id": 2296,
    "name": "VT-1 Therapy 1 Min. BCL",
    "type": "numeric",
    "value": 200,
  },
  Object {
    "id": 2100,
    "name": "Zone Configuration",
    "type": "string",
    "value": "Defib with Single Tach",
  },
  Object {
    "id": 373,
    "name": "Pre-Vent. Atrial Blanking (Pre-VAB)",
    "type": "string",
    "value": "Off",
  },
  Object {
    "id": 2405,
    "name": "Episode Settings: Custom EGM 1 Cathode",
    "type": "string",
    "value": "V tip",
  },
  Object {
    "id": 2294,
    "name": "VT-1 Therapy 1 Extrastimuli Per Burst",
    "type": "string",
    "value": "Off",
  },
  Object {
    "id": 2660,
    "name": "Delivered Shocks For Episode Therapies",
    "type": "numeric",
    "value": 0,
  },
  Object {
    "id": 2101,
    "name": "VF Detection Interval",
    "type": "numeric",
    "value": 280,
  },
  Object {
    "id": 2232,
    "name": "Post-Sensed Ventricular  Threshold Start",
    "type": "numeric",
    "value": 50,
  },
  Object {
    "id": 2408,
    "name": "VT/VF EGM Max Duration",
    "type": "numeric",
    "value": 1,
  },
  Object {
    "id": 2730,
    "name": "HV Lead Impedance",
    "type": "numeric",
    "value": 285.75,
  },
  Object {
    "id": 2141,
    "name": "SVT Upper Limit",
    "type": "string",
    "value": "Same as VF",
  },
  Object {
    "id": 306,
    "name": "RV Pulse Amplitude",
    "type": "numeric",
    "value": 2.5,
  },
  Object {
    "id": 406,
    "name": "Maximum Sensor Rate",
    "type": "numeric",
    "value": 110,
  },
  Object {
    "id": 2042,
    "name": "Post-Shock Brady Pacing Pause",
    "type": "numeric",
    "value": 2,
  },
  Object {
    "id": 2386,
    "name": "VF Energy 3",
    "type": "numeric",
    "value": 40,
  },
  Object {
    "id": 2121,
    "name": "VT Redetection",
    "type": "numeric",
    "value": 6,
  },
  Object {
    "id": 2180,
    "name": "Morphology Template Auto Update",
    "type": "numeric",
    "value": 1,
  },
  Object {
    "id": 2384,
    "name": "VF Energy 2",
    "type": "numeric",
    "value": 40,
  },
  Object {
    "id": 2327,
    "name": "VT-1 Energy 2",
    "type": "numeric",
    "value": 25,
  },
  Object {
    "id": 2103,
    "name": "VT-1 Detection Interval",
    "type": "numeric",
    "value": 350,
  },
  Object {
    "id": 2008,
    "name": "RV Pulse Configuration",
    "type": "string",
    "value": "Bipolar",
  },
  Object {
    "id": 101,
    "name": "Programmer Model Number",
    "type": "numeric",
    "value": 3650,
  },
  Object {
    "id": 2291,
    "name": "VT-1 Therapy 1 No. Bursts",
    "type": "numeric",
    "value": 3,
  },
  Object {
    "id": 2394,
    "name": "VF Therapy Ramp",
    "type": "string",
    "value": "Off",
  },
  Object {
    "id": 2300,
    "name": "VT-1 Therapy 1 Ramp",
    "type": "string",
    "value": "Off",
  },
  Object {
    "id": 204,
    "name": "Patient ID",
    "type": "string",
    "value": "",
  },
  Object {
    "id": 2488,
    "name": "Re-Notification Frequency",
    "type": "numeric",
    "value": 10,
  },
  Object {
    "id": 2448,
    "name": "Manufacturer: RV Lead",
    "type": "string",
    "value": "<not set>",
  },
  Object {
    "id": 2636,
    "name": "Number Of Tach A Episodes With All Diagnoses Inhibited",
    "type": "numeric",
    "value": 0,
  },
  Object {
    "id": 2482,
    "name": "Firmware ROM/RAM Reset Notification Mode",
    "type": "string",
    "value": "On",
  },
  Object {
    "id": 875,
    "name": "RV Lead Monitoring: Lower Limit",
    "type": "numeric",
    "value": 200,
  },
  Object {
    "id": 2122,
    "name": "Post VT-1 Detection Interval",
    "type": "string",
    "value": "Same as VT",
  },
  Object {
    "id": 2404,
    "name": "Episode Settings: Custom EGM 1 Anode",
    "type": "string",
    "value": "Can",
  },
  Object {
    "id": 2041,
    "name": "Post-Shock Base Rate",
    "type": "numeric",
    "value": 60,
  },
  Object {
    "id": 2702,
    "name": "Device Charging History Level 3",
    "type": "numeric",
    "value": 0,
  },
  Object {
    "id": 2140,
    "name": "SVT Discrimination Mode",
    "type": "string",
    "value": "Ventricular Only",
  },
  Object {
    "id": 2450,
    "name": "Model Number: Other RV Lead",
    "type": "string",
    "value": "",
  },
  Object {
    "id": 2389,
    "name": "VF Therapy BCL",
    "type": "numeric",
    "value": 85,
  },
  Object {
    "id": 2123,
    "name": "VF No. of Intervals",
    "type": "numeric",
    "value": 12,
  },
  Object {
    "id": 2234,
    "name": "Post-Paced Ventricular Threshold Start",
    "type": "numeric",
    "value": 1,
  },
  Object {
    "id": 2392,
    "name": "VF Therapy No. Bursts",
    "type": "numeric",
    "value": 1,
  },
  Object {
    "id": 2304,
    "name": "VT-1 Therapy 1 BCL Mode",
    "type": "string",
    "value": "Adaptive",
  },
  Object {
    "id": 102,
    "name": "Programmer Serial Number",
    "type": "numeric",
    "value": 11111111,
  },
  Object {
    "id": 2062,
    "name": "Arrhythmia Unhiding",
    "type": "numeric",
    "value": 3,
  },
  Object {
    "id": 2106,
    "name": "Therapy Enable/Disable",
    "type": "string",
    "value": "Enabled",
  },
  Object {
    "id": 2630,
    "name": "Total Number of Episodes",
    "type": "numeric",
    "value": 0,
  },
  Object {
    "id": 2391,
    "name": "VF Therapy Min. BCL",
    "type": "numeric",
    "value": 170,
  },
  Object {
    "id": 2320,
    "name": "VT-1 Therapy 1 Type",
    "type": "string",
    "value": "ATP",
  },
  Object {
    "id": 407,
    "name": "Reaction Time",
    "type": "string",
    "value": "Fast",
  },
  Object {
    "id": 2741,
    "name": "Last Cap Maintenance Voltage",
    "type": "numeric",
    "value": 845,
  },
  Object {
    "id": 2043,
    "name": "Post-Shock Duration",
    "type": "numeric",
    "value": 0.5,
  },
  Object {
    "id": 2298,
    "name": "VT-1 Therapy 1 Scan Step Size",
    "type": "numeric",
    "value": 10,
  },
  Object {
    "id": 2295,
    "name": "VT-1 Therapy 1 Readaptive",
    "type": "string",
    "value": "Off",
  },
  Object {
    "id": 200,
    "name": "Device Model Name",
    "type": "string",
    "value": "Fortify VR",
  },
  Object {
    "id": 2233,
    "name": "Post-Paced Ventricular Decay Delay",
    "type": "numeric",
    "value": 0,
  },
  Object {
    "id": 2142,
    "name": "Ventricular Only: VT Diagnosis Criteria",
    "type": "string",
    "value": "If 2 of 3",
  },
  Object {
    "id": 2722,
    "name": "Ventricular Signal Amplitude",
    "type": "numeric",
    "value": 11.7,
  },
  Object {
    "id": 2221,
    "name": "Ventricular Sense Refractory",
    "type": "numeric",
    "value": 125,
  },
  Object {
    "id": 2040,
    "name": "Post-Shock Mode",
    "type": "string",
    "value": "VVI",
  },
  Object {
    "id": 2407,
    "name": "VT/VF Pre-Trigger Max Duration",
    "type": "numeric",
    "value": 14,
  },
  Object {
    "id": 2709,
    "name": "Ventricular Paced - Lifetime (RVP)",
    "type": "numeric",
    "value": 71,
  },
  Object {
    "id": 2297,
    "name": "VT-1 Therapy 1 Scan Mode",
    "type": "string",
    "value": "On (Dec)",
  },
  Object {
    "id": 2203,
    "name": "VT Timeout",
    "type": "string",
    "value": "Off",
  },
  Object {
    "id": 2400,
    "name": "Episode Settings: EGM 1 Configuration",
    "type": "string",
    "value": "V Sense Amp",
  },
  Object {
    "id": 2293,
    "name": "VT-1 Therapy 1 No. Stimuli",
    "type": "numeric",
    "value": 8,
  },
  Object {
    "id": 2701,
    "name": "Device Charging History Level 2",
    "type": "numeric",
    "value": 0,
  },
  Object {
    "id": 2230,
    "name": "Ventricular Defib Max Sensitivity",
    "type": "numeric",
    "value": 0.5,
  },
  Object {
    "id": 303,
    "name": "Hysteresis Rate",
    "type": "string",
    "value": "Off",
  },
  Object {
    "id": 106,
    "name": "Programmer Language",
    "type": "string",
    "value": "English (UK)",
  },
  Object {
    "id": 2700,
    "name": "Device Charging History Level 1",
    "type": "numeric",
    "value": 0,
  },
  Object {
    "id": 401,
    "name": "Activity Sensor",
    "type": "string",
    "value": "Passive",
  },
  Object {
    "id": 2046,
    "name": "Post-Shock Ventricular Pulse Amplitude",
    "type": "numeric",
    "value": 7.5,
  },
  Object {
    "id": 2266,
    "name": "RV Polarity",
    "type": "string",
    "value": "Anode(+)",
  },
  Object {
    "id": 2267,
    "name": "HV Output Mode",
    "type": "string",
    "value": "Tilt",
  },
  Object {
    "id": 2262,
    "name": "Defib Waveform 1st Phase Tilt",
    "type": "numeric",
    "value": 65,
  },
  Object {
    "id": 2264,
    "name": "Defib Waveform 2nd Phase Tilt",
    "type": "numeric",
    "value": 65,
  },
  Object {
    "id": 2368,
    "name": "CVRT Waveform 1st Phase Tilt",
    "type": "string",
    "value": "Same as Defib",
  },
  Object {
    "id": 2369,
    "name": "CVRT Waveform 2nd Phase Tilt",
    "type": "string",
    "value": "Same as Defib",
  },
]
`;
